Archive member included to satisfy reference by file (symbol)

c:/st/stm32cubeide_1.10.1/stm32cubeide/plugins/com.st.stm32cube.ide.mcu.externaltools.gnu-tools-for-stm32.10.3-2021.10.win32_1.0.0.202111181127/tools/bin/../lib/gcc/arm-none-eabi/10.3.1/../../../../arm-none-eabi/lib/thumb/v7e-m+fp/hard\libm.a(lib_a-wf_sqrt.o)
                              ./Core/Src/main.o (sqrtf)
c:/st/stm32cubeide_1.10.1/stm32cubeide/plugins/com.st.stm32cube.ide.mcu.externaltools.gnu-tools-for-stm32.10.3-2021.10.win32_1.0.0.202111181127/tools/bin/../lib/gcc/arm-none-eabi/10.3.1/../../../../arm-none-eabi/lib/thumb/v7e-m+fp/hard\libm.a(lib_a-ef_sqrt.o)
                              c:/st/stm32cubeide_1.10.1/stm32cubeide/plugins/com.st.stm32cube.ide.mcu.externaltools.gnu-tools-for-stm32.10.3-2021.10.win32_1.0.0.202111181127/tools/bin/../lib/gcc/arm-none-eabi/10.3.1/../../../../arm-none-eabi/lib/thumb/v7e-m+fp/hard\libm.a(lib_a-wf_sqrt.o) (__ieee754_sqrtf)
c:/st/stm32cubeide_1.10.1/stm32cubeide/plugins/com.st.stm32cube.ide.mcu.externaltools.gnu-tools-for-stm32.10.3-2021.10.win32_1.0.0.202111181127/tools/bin/../lib/gcc/arm-none-eabi/10.3.1/../../../../arm-none-eabi/lib/thumb/v7e-m+fp/hard\libc_nano.a(lib_a-errno.o)
                              ./Core/Src/syscalls.o (__errno)
c:/st/stm32cubeide_1.10.1/stm32cubeide/plugins/com.st.stm32cube.ide.mcu.externaltools.gnu-tools-for-stm32.10.3-2021.10.win32_1.0.0.202111181127/tools/bin/../lib/gcc/arm-none-eabi/10.3.1/../../../../arm-none-eabi/lib/thumb/v7e-m+fp/hard\libc_nano.a(lib_a-exit.o)
                              c:/st/stm32cubeide_1.10.1/stm32cubeide/plugins/com.st.stm32cube.ide.mcu.externaltools.gnu-tools-for-stm32.10.3-2021.10.win32_1.0.0.202111181127/tools/bin/../lib/gcc/arm-none-eabi/10.3.1/../../../../arm-none-eabi/lib/thumb/v7e-m+fp/hard/crt0.o (exit)
c:/st/stm32cubeide_1.10.1/stm32cubeide/plugins/com.st.stm32cube.ide.mcu.externaltools.gnu-tools-for-stm32.10.3-2021.10.win32_1.0.0.202111181127/tools/bin/../lib/gcc/arm-none-eabi/10.3.1/../../../../arm-none-eabi/lib/thumb/v7e-m+fp/hard\libc_nano.a(lib_a-impure.o)
                              c:/st/stm32cubeide_1.10.1/stm32cubeide/plugins/com.st.stm32cube.ide.mcu.externaltools.gnu-tools-for-stm32.10.3-2021.10.win32_1.0.0.202111181127/tools/bin/../lib/gcc/arm-none-eabi/10.3.1/../../../../arm-none-eabi/lib/thumb/v7e-m+fp/hard\libc_nano.a(lib_a-exit.o) (_global_impure_ptr)
c:/st/stm32cubeide_1.10.1/stm32cubeide/plugins/com.st.stm32cube.ide.mcu.externaltools.gnu-tools-for-stm32.10.3-2021.10.win32_1.0.0.202111181127/tools/bin/../lib/gcc/arm-none-eabi/10.3.1/../../../../arm-none-eabi/lib/thumb/v7e-m+fp/hard\libc_nano.a(lib_a-init.o)
                              c:/st/stm32cubeide_1.10.1/stm32cubeide/plugins/com.st.stm32cube.ide.mcu.externaltools.gnu-tools-for-stm32.10.3-2021.10.win32_1.0.0.202111181127/tools/bin/../lib/gcc/arm-none-eabi/10.3.1/../../../../arm-none-eabi/lib/thumb/v7e-m+fp/hard/crt0.o (__libc_init_array)
c:/st/stm32cubeide_1.10.1/stm32cubeide/plugins/com.st.stm32cube.ide.mcu.externaltools.gnu-tools-for-stm32.10.3-2021.10.win32_1.0.0.202111181127/tools/bin/../lib/gcc/arm-none-eabi/10.3.1/../../../../arm-none-eabi/lib/thumb/v7e-m+fp/hard\libc_nano.a(lib_a-memset.o)
                              c:/st/stm32cubeide_1.10.1/stm32cubeide/plugins/com.st.stm32cube.ide.mcu.externaltools.gnu-tools-for-stm32.10.3-2021.10.win32_1.0.0.202111181127/tools/bin/../lib/gcc/arm-none-eabi/10.3.1/../../../../arm-none-eabi/lib/thumb/v7e-m+fp/hard/crt0.o (memset)
c:/st/stm32cubeide_1.10.1/stm32cubeide/plugins/com.st.stm32cube.ide.mcu.externaltools.gnu-tools-for-stm32.10.3-2021.10.win32_1.0.0.202111181127/tools/bin/../lib/gcc/arm-none-eabi/10.3.1/../../../../arm-none-eabi/lib/thumb/v7e-m+fp/hard\libc_nano.a(lib_a-sprintf.o)
                              ./Core/Src/main.o (sprintf)
c:/st/stm32cubeide_1.10.1/stm32cubeide/plugins/com.st.stm32cube.ide.mcu.externaltools.gnu-tools-for-stm32.10.3-2021.10.win32_1.0.0.202111181127/tools/bin/../lib/gcc/arm-none-eabi/10.3.1/../../../../arm-none-eabi/lib/thumb/v7e-m+fp/hard\libc_nano.a(lib_a-strlen.o)
                              ./Core/Src/main.o (strlen)
c:/st/stm32cubeide_1.10.1/stm32cubeide/plugins/com.st.stm32cube.ide.mcu.externaltools.gnu-tools-for-stm32.10.3-2021.10.win32_1.0.0.202111181127/tools/bin/../lib/gcc/arm-none-eabi/10.3.1/../../../../arm-none-eabi/lib/thumb/v7e-m+fp/hard\libc_nano.a(lib_a-nano-svfprintf.o)
                              c:/st/stm32cubeide_1.10.1/stm32cubeide/plugins/com.st.stm32cube.ide.mcu.externaltools.gnu-tools-for-stm32.10.3-2021.10.win32_1.0.0.202111181127/tools/bin/../lib/gcc/arm-none-eabi/10.3.1/../../../../arm-none-eabi/lib/thumb/v7e-m+fp/hard\libc_nano.a(lib_a-sprintf.o) (_svfprintf_r)
c:/st/stm32cubeide_1.10.1/stm32cubeide/plugins/com.st.stm32cube.ide.mcu.externaltools.gnu-tools-for-stm32.10.3-2021.10.win32_1.0.0.202111181127/tools/bin/../lib/gcc/arm-none-eabi/10.3.1/../../../../arm-none-eabi/lib/thumb/v7e-m+fp/hard\libc_nano.a(lib_a-nano-vfprintf_i.o)
[...]
Memory Configuration

Name             Origin             Length             Attributes
RAM              0x0000000020000000 0x0000000000010000 xrw
FLASH            0x0000000008000000 0x0000000000040000 xr
*default*        0x0000000000000000 0xffffffffffffffff

Linker script and memory map

LOAD c:/st/stm32cubeide_1.10.1/stm32cubeide/plugins/com.st.stm32cube.ide.mcu.externaltools.gnu-tools-for-stm32.10.3-2021.10.win32_1.0.0.202111181127/tools/bin/../lib/gcc/arm-none-eabi/10.3.1/thumb/v7e-m+fp/hard/crti.o
LOAD c:/st/stm32cubeide_1.10.1/stm32cubeide/plugins/com.st.stm32cube.ide.mcu.externaltools.gnu-tools-for-stm32.10.3-2021.10.win32_1.0.0.202111181127/tools/bin/../lib/gcc/arm-none-eabi/10.3.1/thumb/v7e-m+fp/hard/crtbegin.o
LOAD c:/st/stm32cubeide_1.10.1/stm32cubeide/plugins/com.st.stm32cube.ide.mcu.externaltools.gnu-tools-for-stm32.10.3-2021.10.win32_1.0.0.202111181127/tools/bin/../lib/gcc/arm-none-eabi/10.3.1/../../../../arm-none-eabi/lib/thumb/v7e-m+fp/hard/crt0.o
LOAD ./Core/Src/main.o
LOAD ./Core/Src/stm32f4xx_hal_msp.o
LOAD ./Core/Src/stm32f4xx_it.o
LOAD ./Core/Src/syscalls.o
LOAD ./Core/Src/sysmem.o
LOAD ./Core/Src/system_stm32f4xx.o
LOAD ./Core/Startup/startup_stm32f401ccux.o
LOAD ./Drivers/STM32F4xx_HAL_Driver/Src/stm32f4xx_hal.o
LOAD ./Drivers/STM32F4xx_HAL_Driver/Src/stm32f4xx_hal_adc.o
LOAD ./Drivers/STM32F4xx_HAL_Driver/Src/stm32f4xx_hal_adc_ex.o
LOAD ./Drivers/STM32F4xx_HAL_Driver/Src/stm32f4xx_hal_cortex.o
LOAD ./Drivers/STM32F4xx_HAL_Driver/Src/stm32f4xx_hal_dma.o
LOAD ./Drivers/STM32F4xx_HAL_Driver/Src/stm32f4xx_hal_dma_ex.o
LOAD ./Drivers/STM32F4xx_HAL_Driver/Src/stm32f4xx_hal_exti.o
LOAD ./Drivers/STM32F4xx_HAL_Driver/Src/stm32f4xx_hal_flash.o
LOAD ./Drivers/STM32F4xx_HAL_Driver/Src/stm32f4xx_hal_flash_ex.o
LOAD ./Drivers/STM32F4xx_HAL_Driver/Src/stm32f4xx_hal_flash_ramfunc.o
LOAD ./Drivers/STM32F4xx_HAL_Driver/Src/stm32f4xx_hal_gpio.o
LOAD ./Drivers/STM32F4xx_HAL_Driver/Src/stm32f4xx_hal_pwr.o
LOAD ./Drivers/STM32F4xx_HAL_Driver/Src/stm32f4xx_hal_pwr_ex.o
LOAD ./Drivers/STM32F4xx_HAL_Driver/Src/stm32f4xx_hal_rcc.o
LOAD ./Drivers/STM32F4xx_HAL_Driver/Src/stm32f4xx_hal_rcc_ex.o
LOAD ./Drivers/STM32F4xx_HAL_Driver/Src/stm32f4xx_hal_tim.o
LOAD ./Drivers/STM32F4xx_HAL_Driver/Src/stm32f4xx_hal_tim_ex.o
LOAD ./Drivers/STM32F4xx_HAL_Driver/Src/stm32f4xx_ll_adc.o
START GROUP
LOAD c:/st/stm32cubeide_1.10.1/stm32cubeide/plugins/com.st.stm32cube.ide.mcu.externaltools.gnu-tools-for-stm32.10.3-2021.10.win32_1.0.0.202111181127/tools/bin/../lib/gcc/arm-none-eabi/10.3.1/../../../../arm-none-eabi/lib/thumb/v7e-m+fp/hard\libstdc++_nano.a
LOAD c:/st/stm32cubeide_1.10.1/stm32cubeide/plugins/com.st.stm32cube.ide.mcu.externaltools.gnu-tools-for-stm32.10.3-2021.10.win32_1.0.0.202111181127/tools/bin/../lib/gcc/arm-none-eabi/10.3.1/../../../../arm-none-eabi/lib/thumb/v7e-m+fp/hard\libsupc++_nano.a
END GROUP
LOAD c:/st/stm32cubeide_1.10.1/stm32cubeide/plugins/com.st.stm32cube.ide.mcu.externaltools.gnu-tools-for-stm32.10.3-2021.10.win32_1.0.0.202111181127/tools/bin/../lib/gcc/arm-none-eabi/10.3.1/../../../../arm-none-eabi/lib/thumb/v7e-m+fp/hard\libstdc++_nano.a
LOAD c:/st/stm32cubeide_1.10.1/stm32cubeide/plugins/com.st.stm32cube.ide.mcu.externaltools.gnu-tools-for-stm32.10.3-2021.10.win32_1.0.0.202111181127/tools/bin/../lib/gcc/arm-none-eabi/10.3.1/../../../../arm-none-eabi/lib/thumb/v7e-m+fp/hard\libm.a
LOAD c:/st/stm32cubeide_1.10.1/stm32cubeide/plugins/com.st.stm32cube.ide.mcu.externaltools.gnu-tools-for-stm32.10.3-2021.10.win32_1.0.0.202111181127/tools/bin/../lib/gcc/arm-none-eabi/10.3.1/../../../../arm-none-eabi/lib/thumb/v7e-m+fp/hard\libc_nano.a
START GROUP
LOAD c:/st/stm32cubeide_1.10.1/stm32cubeide/plugins/com.st.stm32cube.ide.mcu.externaltools.gnu-tools-for-stm32.10.3-2021.10.win32_1.0.0.202111181127/tools/bin/../lib/gcc/arm-none-eabi/10.3.1/thumb/v7e-m+fp/hard\libgcc.a
LOAD c:/st/stm32cubeide_1.10.1/stm32cubeide/plugins/com.st.stm32cube.ide.mcu.externaltools.gnu-tools-for-stm32.10.3-2021.10.win32_1.0.0.202111181127/tools/bin/../lib/gcc/arm-none-eabi/10.3.1/../../../../arm-none-eabi/lib/thumb/v7e-m+fp/hard\libc_nano.a
END GROUP
START GROUP
LOAD c:/st/stm32cubeide_1.10.1/stm32cubeide/plugins/com.st.stm32cube.ide.mcu.externaltools.gnu-tools-for-stm32.10.3-2021.10.win32_1.0.0.202111181127/tools/bin/../lib/gcc/arm-none-eabi/10.3.1/thumb/v7e-m+fp/hard\libgcc.a
LOAD c:/st/stm32cubeide_1.10.1/stm32cubeide/plugins/com.st.stm32cube.ide.mcu.externaltools.gnu-tools-for-stm32.10.3-2021.10.win32_1.0.0.202111181127/tools/bin/../lib/gcc/arm-none-eabi/10.3.1/../../../../arm-none-eabi/lib/thumb/v7e-m+fp/hard\libc_nano.a
LOAD c:/st/stm32cubeide_1.10.1/stm32cubeide/plugins/com.st.stm32cube.ide.mcu.externaltools.gnu-tools-for-stm32.10.3-2021.10.win32_1.0.0.202111181127/tools/bin/../lib/gcc/arm-none-eabi/10.3.1/../../../../arm-none-eabi/lib/thumb/v7e-m+fp/hard\libnosys.a
END GROUP
START GROUP
LOAD c:/st/stm32cubeide_1.10.1/stm32cubeide/plugins/com.st.stm32cube.ide.mcu.externaltools.gnu-tools-for-stm32.10.3-2021.10.win32_1.0.0.202111181127/tools/bin/../lib/gcc/arm-none-eabi/10.3.1/thumb/v7e-m+fp/hard\libgcc.a
LOAD c:/st/stm32cubeide_1.10.1/stm32cubeide/plugins/com.st.stm32cube.ide.mcu.externaltools.gnu-tools-for-stm32.10.3-2021.10.win32_1.0.0.202111181127/tools/bin/../lib/gcc/arm-none-eabi/10.3.1/../../../../arm-none-eabi/lib/thumb/v7e-m+fp/hard\libc_nano.a
LOAD c:/st/stm32cubeide_1.10.1/stm32cubeide/plugins/com.st.stm32cube.ide.mcu.externaltools.gnu-tools-for-stm32.10.3-2021.10.win32_1.0.0.202111181127/tools/bin/../lib/gcc/arm-none-eabi/10.3.1/../../../../arm-none-eabi/lib/thumb/v7e-m+fp/hard\libnosys.a
END GROUP
LOAD c:/st/stm32cubeide_1.10.1/stm32cubeide/plugins/com.st.stm32cube.ide.mcu.externaltools.gnu-tools-for-stm32.10.3-2021.10.win32_1.0.0.202111181127/tools/bin/../lib/gcc/arm-none-eabi/10.3.1/thumb/v7e-m+fp/hard/crtend.o
LOAD c:/st/stm32cubeide_1.10.1/stm32cubeide/plugins/com.st.stm32cube.ide.mcu.externaltools.gnu-tools-for-stm32.10.3-2021.10.win32_1.0.0.202111181127/tools/bin/../lib/gcc/arm-none-eabi/10.3.1/thumb/v7e-m+fp/hard/crtn.o
                0x0000000020010000                _estack = (ORIGIN (RAM) + LENGTH (RAM))
                0x0000000000000200                _Min_Heap_Size = 0x200
                0x0000000000000400                _Min_Stack_Size = 0x400

.isr_vector     0x0000000008000000      0x194
                0x0000000008000000                . = ALIGN (0x4)
 *(.isr_vector)
 .isr_vector    0x0000000008000000      0x194 ./Core/Startup/startup_stm32f401ccux.o
                0x0000000008000000                g_pfnVectors
                0x0000000008000194                . = ALIGN (0x4)

.text           0x00000000080001a0     0x644c
                0x00000000080001a0                . = ALIGN (0x4)
 *(.text)
 .text          0x00000000080001a0       0x40 c:/st/stm32cubeide_1.10.1/stm32cubeide/plugins/com.st.stm32cube.ide.mcu.externaltools.gnu-tools-for-stm32.10.3-2021.10.win32_1.0.0.202111181127/tools/bin/../lib/gcc/arm-none-eabi/10.3.1/thumb/v7e-m+fp/hard/crtbegin.o
 .text          0x00000000080001e0       0x10 c:/st/stm32cubeide_1.10.1/stm32cubeide/plugins/com.st.stm32cube.ide.mcu.externaltools.gnu-tools-for-stm32.10.3-2021.10.win32_1.0.0.202111181127/tools/bin/../lib/gcc/arm-none-eabi/10.3.1/../../../../arm-none-eabi/lib/thumb/v7e-m+fp/hard\libc_nano.a(lib_a-strlen.o)
                0x00000000080001e0                strlen
 .text          0x00000000080001f0       0xa0 c:/st/stm32cubeide_1.10.1/stm32cubeide/plugins/com.st.stm32cube.ide.mcu.externaltools.gnu-tools-for-stm32.10.3-2021.10.win32_1.0.0.202111181127/tools/bin/../lib/gcc/arm-none-eabi/10.3.1/../../../../arm-none-eabi/lib/thumb/v7e-m+fp/hard\libc_nano.a(lib_a-memchr.o)
                0x00000000080001f0                memchr
 .text          0x0000000008000290      0x254 c:/st/stm32cubeide_1.10.1/stm32cubeide/plugins/com.st.stm32cube.ide.mcu.externaltools.gnu-tools-for-stm32.10.3-2021.10.win32_1.0.0.202111181127/tools/bin/../lib/gcc/arm-none-eabi/10.3.1/thumb/v7e-m+fp/hard\libgcc.a(_arm_muldf3.o)
                0x0000000008000290                __muldf3
                0x0000000008000290                __aeabi_dmul
 .text          0x00000000080004e4      0x378 c:/st/stm32cubeide_1.10.1/stm32cubeide/plugins/com.st.stm32cube.ide.mcu.externaltools.gnu-tools-for-stm32.10.3-2021.10.win32_1.0.0.202111181127/tools/bin/../lib/gcc/arm-none-eabi/10.3.1/thumb/v7e-m+fp/hard\libgcc.a(_arm_addsubdf3.o)
                0x00000000080004e4                __aeabi_drsub
                0x00000000080004ec                __aeabi_dsub
                0x00000000080004ec                __subdf3
                0x00000000080004f0                __aeabi_dadd
                0x00000000080004f0                __adddf3
                0x0000000008000768                __floatunsidf
                0x0000000008000768                __aeabi_ui2d
                0x0000000008000788                __floatsidf
                0x0000000008000788                __aeabi_i2d
                0x00000000080007ac                __aeabi_f2d
                0x00000000080007ac                __extendsfdf2
                0x00000000080007f0                __floatundidf
                0x00000000080007f0                __aeabi_ul2d
                0x0000000008000800                __floatdidf
                0x0000000008000800                __aeabi_l2d
 .text          0x000000000800085c       0x50 c:/st/stm32cubeide_1.10.1/stm32cubeide/plugins/com.st.stm32cube.ide.mcu.externaltools.gnu-tools-for-stm32.10.3-2021.10.win32_1.0.0.202111181127/tools/bin/../lib/gcc/arm-none-eabi/10.3.1/thumb/v7e-m+fp/hard\libgcc.a(_arm_fixdfsi.o)
                0x000000000800085c                __aeabi_d2iz
                0x000000000800085c                __fixdfsi
 .text          0x00000000080008ac       0x40 c:/st/stm32cubeide_1.10.1/stm32cubeide/plugins/com.st.stm32cube.ide.mcu.externaltools.gnu-tools-for-stm32.10.3-2021.10.win32_1.0.0.202111181127/tools/bin/../lib/gcc/arm-none-eabi/10.3.1/thumb/v7e-m+fp/hard\libgcc.a(_arm_fixunsdfsi.o)
                0x00000000080008ac                __aeabi_d2uiz
                0x00000000080008ac                __fixunsdfsi
 .text          0x00000000080008ec       0x30 c:/st/stm32cubeide_1.10.1/stm32cubeide/plugins/com.st.stm32cube.ide.mcu.externaltools.gnu-tools-for-stm32.10.3-2021.10.win32_1.0.0.202111181127/tools/bin/../lib/gcc/arm-none-eabi/10.3.1/thumb/v7e-m+fp/hard\libgcc.a(_aeabi_uldivmod.o)
                0x00000000080008ec                __aeabi_uldivmod
 .text          0x000000000800091c      0x2d0 c:/st/stm32cubeide_1.10.1/stm32cubeide/plugins/com.st.stm32cube.ide.mcu.externaltools.gnu-tools-for-stm32.10.3-2021.10.win32_1.0.0.202111181127/tools/bin/../lib/gcc/arm-none-eabi/10.3.1/thumb/v7e-m+fp/hard\libgcc.a(_udivmoddi4.o)
                0x000000000800091c                __udivmoddi4
 .text          0x0000000008000bec        0x4 c:/st/stm32cubeide_1.10.1/stm32cubeide/plugins/com.st.stm32cube.ide.mcu.externaltools.gnu-tools-for-stm32.10.3-2021.10.win32_1.0.0.202111181127/tools/bin/../lib/gcc/arm-none-eabi/10.3.1/thumb/v7e-m+fp/hard\libgcc.a(_dvmd_tls.o)
                0x0000000008000bec                __aeabi_idiv0
                0x0000000008000bec                __aeabi_ldiv0
 *(.text*)
 .text.butUnbl  0x0000000008000bf0       0xa8 ./Core/Src/main.o
                0x0000000008000bf0                butUnbl
 .text.but      0x0000000008000c98       0x30 ./Core/Src/main.o
                0x0000000008000c98                but
 .text.WriteCmdParamN
                0x0000000008000cc8       0xf0 ./Core/Src/main.o
                0x0000000008000cc8                WriteCmdParamN
 .text.WriteCmdData
                0x0000000008000db8       0xf8 ./Core/Src/main.o
                0x0000000008000db8                WriteCmdData
 .text.setAddrWindow
                0x0000000008000eb0      0x2b0 ./Core/Src/main.o
                0x0000000008000eb0                setAddrWindow
 .text.fillRect
                0x0000000008001160      0x278 ./Core/Src/main.o
                0x0000000008001160                fillRect
 .text.col8to16
                0x00000000080013d8       0x48 ./Core/Src/main.o
                0x00000000080013d8                col8to16
 .text.drawBitmapLo
                0x0000000008001420      0x198 ./Core/Src/main.o
                0x0000000008001420                drawBitmapLo
 .text.drawBitmapHi
                0x00000000080015b8      0x190 ./Core/Src/main.o
                0x00000000080015b8                drawBitmapHi
 .text.drawMonoBitmap
                0x0000000008001748      0x220 ./Core/Src/main.o
                0x0000000008001748                drawMonoBitmap
 .text.reset    0x0000000008001968       0x84 ./Core/Src/main.o
                0x0000000008001968                reset
 .text.init_table
                0x00000000080019ec      0x114 ./Core/Src/main.o
 .text.initDisplay
                0x0000000008001b00       0x78 ./Core/Src/main.o
                0x0000000008001b00                initDisplay
 .text.setRotation
                0x0000000008001b78      0x234 ./Core/Src/main.o
                0x0000000008001b78                setRotation
 .text.drawDefChar
                0x0000000008001dac      0x19c ./Core/Src/main.o
                0x0000000008001dac                drawDefChar
 .text.writeChar
                0x0000000008001f48       0xc4 ./Core/Src/main.o
                0x0000000008001f48                writeChar
 .text.naivePrint
                0x000000000800200c       0xa4 ./Core/Src/main.o
                0x000000000800200c                naivePrint
 .text.setFont  0x00000000080020b0       0x20 ./Core/Src/main.o
                0x00000000080020b0                setFont
 .text.writeCusChar
                0x00000000080020d0      0x30c ./Core/Src/main.o
                0x00000000080020d0                writeCusChar
 .text.naiveCusPrint
                0x00000000080023dc       0x3e ./Core/Src/main.o
                0x00000000080023dc                naiveCusPrint
 .text.HAL_ADC_ConvCpltCallback
                0x000000000800241a       0x14 ./Core/Src/main.o
                0x000000000800241a                HAL_ADC_ConvCpltCallback
 .text.HAL_ADC_ConvHalfCpltCallback
                0x000000000800242e       0x14 ./Core/Src/main.o
                0x000000000800242e                HAL_ADC_ConvHalfCpltCallback
 .text.odTyU    0x0000000008002442       0x5c ./Core/Src/main.o
                0x0000000008002442                odTyU
 *fill*         0x000000000800249e        0x2 
 .text.getRandomNumber
                0x00000000080024a0       0xbc ./Core/Src/main.o
                0x00000000080024a0                getRandomNumber
 *fill*         0x000000000800255c        0x4 
 .text.generateRura
                0x0000000008002560      0x194 ./Core/Src/main.o
                0x0000000008002560                generateRura
 .text.startoweRury
                0x00000000080026f4       0xac ./Core/Src/main.o
                0x00000000080026f4                startoweRury
 .text.safeFillRect
                0x00000000080027a0       0xea ./Core/Src/main.o
                0x00000000080027a0                safeFillRect
 *fill*         0x000000000800288a        0x2 
 .text.drawFace
                0x000000000800288c      0x340 ./Core/Src/main.o
                0x000000000800288c                drawFace
 .text.updateRura
                0x0000000008002bcc      0x3f0 ./Core/Src/main.o
                0x0000000008002bcc                updateRura
 .text.updatePos
                0x0000000008002fbc      0x17c ./Core/Src/main.o
                0x0000000008002fbc                updatePos
 .text.checkColision
                0x0000000008003138       0xcc ./Core/Src/main.o
                0x0000000008003138                checkColision
 .text.nearby   0x0000000008003204       0xe8 ./Core/Src/main.o
                0x0000000008003204                nearby
 .text.crossed  0x00000000080032ec       0x70 ./Core/Src/main.o
                0x00000000080032ec                crossed
 .text.minigraDrawScore
                0x000000000800335c       0x84 ./Core/Src/main.o
                0x000000000800335c                minigraDrawScore
 .text.minigraGenerateScreen
                0x00000000080033e0       0xa4 ./Core/Src/main.o
                0x00000000080033e0                minigraGenerateScreen
 .text.minigraLost
                0x0000000008003484       0x44 ./Core/Src/main.o
                0x0000000008003484                minigraLost
 .text.minigraRefreshScreen
                0x00000000080034c8      0x208 ./Core/Src/main.o
                0x00000000080034c8                minigraRefreshScreen
 .text.minigraEkranStartowy
                0x00000000080036d0      0x160 ./Core/Src/main.o
                0x00000000080036d0                minigraEkranStartowy
 .text.main     0x0000000008003830       0xd8 ./Core/Src/main.o
                0x0000000008003830                main
 .text.SystemClock_Config
                0x0000000008003908       0xd4 ./Core/Src/main.o
                0x0000000008003908                SystemClock_Config
 .text.MX_ADC1_Init
                0x00000000080039dc       0xf8 ./Core/Src/main.o
 .text.MX_DMA_Init
                0x0000000008003ad4       0x40 ./Core/Src/main.o
 .text.MX_GPIO_Init
                0x0000000008003b14      0x134 ./Core/Src/main.o
 .text.Error_Handler
                0x0000000008003c48        0xa ./Core/Src/main.o
                0x0000000008003c48                Error_Handler
 *fill*         0x0000000008003c52        0x2 
 .text.HAL_MspInit
                0x0000000008003c54       0x94 ./Core/Src/stm32f4xx_hal_msp.o
                0x0000000008003c54                HAL_MspInit
 .text.HAL_ADC_MspInit
                0x0000000008003ce8       0xf0 ./Core/Src/stm32f4xx_hal_msp.o
                0x0000000008003ce8                HAL_ADC_MspInit
 .text.NMI_Handler
                0x0000000008003dd8        0x6 ./Core/Src/stm32f4xx_it.o
                0x0000000008003dd8                NMI_Handler
 .text.HardFault_Handler
                0x0000000008003dde        0x6 ./Core/Src/stm32f4xx_it.o
                0x0000000008003dde                HardFault_Handler
 .text.MemManage_Handler
                0x0000000008003de4        0x6 ./Core/Src/stm32f4xx_it.o
                0x0000000008003de4                MemManage_Handler
 .text.BusFault_Handler
                0x0000000008003dea        0x6 ./Core/Src/stm32f4xx_it.o
                0x0000000008003dea                BusFault_Handler
 .text.UsageFault_Handler
                0x0000000008003df0        0x6 ./Core/Src/stm32f4xx_it.o
                0x0000000008003df0                UsageFault_Handler
 .text.SVC_Handler
                0x0000000008003df6        0xe ./Core/Src/stm32f4xx_it.o
                0x0000000008003df6                SVC_Handler
 .text.DebugMon_Handler
                0x0000000008003e04        0xe ./Core/Src/stm32f4xx_it.o
                0x0000000008003e04                DebugMon_Handler
 .text.PendSV_Handler
                0x0000000008003e12        0xe ./Core/Src/stm32f4xx_it.o
                0x0000000008003e12                PendSV_Handler
 .text.SysTick_Handler
                0x0000000008003e20        0xc ./Core/Src/stm32f4xx_it.o
                0x0000000008003e20                SysTick_Handler
 .text.DMA2_Stream0_IRQHandler
                0x0000000008003e2c       0x14 ./Core/Src/stm32f4xx_it.o
                0x0000000008003e2c                DMA2_Stream0_IRQHandler
 .text._sbrk    0x0000000008003e40       0x6c ./Core/Src/sysmem.o
                0x0000000008003e40                _sbrk
 .text.SystemInit
                0x0000000008003eac       0x24 ./Core/Src/system_stm32f4xx.o
                0x0000000008003eac                SystemInit
 .text.Reset_Handler
                0x0000000008003ed0       0x50 ./Core/Startup/startup_stm32f401ccux.o
                0x0000000008003ed0                Reset_Handler
 .text.Default_Handler
                0x0000000008003f20        0x2 ./Core/Startup/startup_stm32f401ccux.o
                0x0000000008003f20                RTC_Alarm_IRQHandler
                0x0000000008003f20                EXTI2_IRQHandler
                0x0000000008003f20                SPI4_IRQHandler
                0x0000000008003f20                TIM1_CC_IRQHandler
                0x0000000008003f20                DMA2_Stream5_IRQHandler
                0x0000000008003f20                DMA1_Stream5_IRQHandler
                0x0000000008003f20                PVD_IRQHandler
                0x0000000008003f20                SDIO_IRQHandler
                0x0000000008003f20                TAMP_STAMP_IRQHandler
                0x0000000008003f20                EXTI3_IRQHandler
                0x0000000008003f20                TIM1_UP_TIM10_IRQHandler
                0x0000000008003f20                I2C3_ER_IRQHandler
                0x0000000008003f20                EXTI0_IRQHandler
                0x0000000008003f20                I2C2_EV_IRQHandler
                0x0000000008003f20                DMA1_Stream2_IRQHandler
                0x0000000008003f20                FPU_IRQHandler
                0x0000000008003f20                DMA2_Stream2_IRQHandler
                0x0000000008003f20                SPI1_IRQHandler
                0x0000000008003f20                TIM1_BRK_TIM9_IRQHandler
                0x0000000008003f20                DMA2_Stream3_IRQHandler
                0x0000000008003f20                USART6_IRQHandler
                0x0000000008003f20                TIM4_IRQHandler
                0x0000000008003f20                I2C1_EV_IRQHandler
                0x0000000008003f20                DMA1_Stream6_IRQHandler
                0x0000000008003f20                DMA1_Stream1_IRQHandler
                0x0000000008003f20                TIM3_IRQHandler
                0x0000000008003f20                RCC_IRQHandler
                0x0000000008003f20                Default_Handler
                0x0000000008003f20                EXTI15_10_IRQHandler
                0x0000000008003f20                ADC_IRQHandler
                0x0000000008003f20                DMA1_Stream7_IRQHandler
                0x0000000008003f20                TIM5_IRQHandler
                0x0000000008003f20                DMA2_Stream7_IRQHandler
                0x0000000008003f20                I2C3_EV_IRQHandler
                0x0000000008003f20                EXTI9_5_IRQHandler
                0x0000000008003f20                RTC_WKUP_IRQHandler
                0x0000000008003f20                SPI2_IRQHandler
                0x0000000008003f20                DMA1_Stream0_IRQHandler
                0x0000000008003f20                EXTI4_IRQHandler
                0x0000000008003f20                WWDG_IRQHandler
                0x0000000008003f20                TIM2_IRQHandler
                0x0000000008003f20                OTG_FS_WKUP_IRQHandler
                0x0000000008003f20                TIM1_TRG_COM_TIM11_IRQHandler
                0x0000000008003f20                EXTI1_IRQHandler
                0x0000000008003f20                USART2_IRQHandler
                0x0000000008003f20                I2C2_ER_IRQHandler
                0x0000000008003f20                DMA2_Stream1_IRQHandler
                0x0000000008003f20                FLASH_IRQHandler
                0x0000000008003f20                DMA2_Stream4_IRQHandler
                0x0000000008003f20                USART1_IRQHandler
                0x0000000008003f20                OTG_FS_IRQHandler
                0x0000000008003f20                SPI3_IRQHandler
                0x0000000008003f20                DMA1_Stream4_IRQHandler
                0x0000000008003f20                I2C1_ER_IRQHandler
                0x0000000008003f20                DMA2_Stream6_IRQHandler
                0x0000000008003f20                DMA1_Stream3_IRQHandler
 *fill*         0x0000000008003f22        0x2 
 .text.HAL_Init
                0x0000000008003f24       0x44 ./Drivers/STM32F4xx_HAL_Driver/Src/stm32f4xx_hal.o
                0x0000000008003f24                HAL_Init
 .text.HAL_InitTick
                0x0000000008003f68       0x60 ./Drivers/STM32F4xx_HAL_Driver/Src/stm32f4xx_hal.o
                0x0000000008003f68                HAL_InitTick
 .text.HAL_IncTick
                0x0000000008003fc8       0x28 ./Drivers/STM32F4xx_HAL_Driver/Src/stm32f4xx_hal.o
                0x0000000008003fc8                HAL_IncTick
 .text.HAL_GetTick
                0x0000000008003ff0       0x18 ./Drivers/STM32F4xx_HAL_Driver/Src/stm32f4xx_hal.o
                0x0000000008003ff0                HAL_GetTick
 .text.HAL_Delay
                0x0000000008004008       0x48 ./Drivers/STM32F4xx_HAL_Driver/Src/stm32f4xx_hal.o
                0x0000000008004008                HAL_Delay
 .text.HAL_ADC_Init
                0x0000000008004050       0x86 ./Drivers/STM32F4xx_HAL_Driver/Src/stm32f4xx_hal_adc.o
                0x0000000008004050                HAL_ADC_Init
 *fill*         0x00000000080040d6        0x2 
 .text.HAL_ADC_Start_DMA
                0x00000000080040d8      0x1e0 ./Drivers/STM32F4xx_HAL_Driver/Src/stm32f4xx_hal_adc.o
                0x00000000080040d8                HAL_ADC_Start_DMA
 .text.HAL_ADC_ErrorCallback
                0x00000000080042b8       0x14 ./Drivers/STM32F4xx_HAL_Driver/Src/stm32f4xx_hal_adc.o
                0x00000000080042b8                HAL_ADC_ErrorCallback
 .text.HAL_ADC_ConfigChannel
                0x00000000080042cc      0x244 ./Drivers/STM32F4xx_HAL_Driver/Src/stm32f4xx_hal_adc.o
                0x00000000080042cc                HAL_ADC_ConfigChannel
 .text.ADC_Init
                0x0000000008004510      0x1f8 ./Drivers/STM32F4xx_HAL_Driver/Src/stm32f4xx_hal_adc.o
 .text.ADC_DMAConvCplt
                0x0000000008004708       0xba ./Drivers/STM32F4xx_HAL_Driver/Src/stm32f4xx_hal_adc.o
 .text.ADC_DMAHalfConvCplt
                0x00000000080047c2       0x1c ./Drivers/STM32F4xx_HAL_Driver/Src/stm32f4xx_hal_adc.o
 .text.ADC_DMAError
                0x00000000080047de       0x2e ./Drivers/STM32F4xx_HAL_Driver/Src/stm32f4xx_hal_adc.o
 .text.__NVIC_SetPriorityGrouping
                0x000000000800480c       0x48 ./Drivers/STM32F4xx_HAL_Driver/Src/stm32f4xx_hal_cortex.o
 .text.__NVIC_GetPriorityGrouping
                0x0000000008004854       0x1c ./Drivers/STM32F4xx_HAL_Driver/Src/stm32f4xx_hal_cortex.o
 .text.__NVIC_EnableIRQ
                0x0000000008004870       0x3c ./Drivers/STM32F4xx_HAL_Driver/Src/stm32f4xx_hal_cortex.o
 .text.__NVIC_SetPriority
                0x00000000080048ac       0x54 ./Drivers/STM32F4xx_HAL_Driver/Src/stm32f4xx_hal_cortex.o
 .text.NVIC_EncodePriority
                0x0000000008004900       0x66 ./Drivers/STM32F4xx_HAL_Driver/Src/stm32f4xx_hal_cortex.o
 *fill*         0x0000000008004966        0x2 
 .text.SysTick_Config
                0x0000000008004968       0x44 ./Drivers/STM32F4xx_HAL_Driver/Src/stm32f4xx_hal_cortex.o
 .text.HAL_NVIC_SetPriorityGrouping
                0x00000000080049ac       0x16 ./Drivers/STM32F4xx_HAL_Driver/Src/stm32f4xx_hal_cortex.o
                0x00000000080049ac                HAL_NVIC_SetPriorityGrouping
 .text.HAL_NVIC_SetPriority
                0x00000000080049c2       0x38 ./Drivers/STM32F4xx_HAL_Driver/Src/stm32f4xx_hal_cortex.o
                0x00000000080049c2                HAL_NVIC_SetPriority
 .text.HAL_NVIC_EnableIRQ
                0x00000000080049fa       0x1c ./Drivers/STM32F4xx_HAL_Driver/Src/stm32f4xx_hal_cortex.o
                0x00000000080049fa                HAL_NVIC_EnableIRQ
 .text.HAL_SYSTICK_Config
                0x0000000008004a16       0x18 ./Drivers/STM32F4xx_HAL_Driver/Src/stm32f4xx_hal_cortex.o
                0x0000000008004a16                HAL_SYSTICK_Config
 *fill*         0x0000000008004a2e        0x2 
 .text.HAL_DMA_Init
                0x0000000008004a30      0x15c ./Drivers/STM32F4xx_HAL_Driver/Src/stm32f4xx_hal_dma.o
                0x0000000008004a30                HAL_DMA_Init
 .text.HAL_DMA_Start_IT
                0x0000000008004b8c       0xb0 ./Drivers/STM32F4xx_HAL_Driver/Src/stm32f4xx_hal_dma.o
                0x0000000008004b8c                HAL_DMA_Start_IT
 .text.HAL_DMA_IRQHandler
                0x0000000008004c3c      0x314 ./Drivers/STM32F4xx_HAL_Driver/Src/stm32f4xx_hal_dma.o
                0x0000000008004c3c                HAL_DMA_IRQHandler
 .text.DMA_SetConfig
                0x0000000008004f50       0x5c ./Drivers/STM32F4xx_HAL_Driver/Src/stm32f4xx_hal_dma.o
 .text.DMA_CalcBaseAndBitshift
                0x0000000008004fac       0x6c ./Drivers/STM32F4xx_HAL_Driver/Src/stm32f4xx_hal_dma.o
 .text.DMA_CheckFifoParam
                0x0000000008005018       0xf8 ./Drivers/STM32F4xx_HAL_Driver/Src/stm32f4xx_hal_dma.o
 .text.HAL_GPIO_Init
                0x0000000008005110      0x308 ./Drivers/STM32F4xx_HAL_Driver/Src/stm32f4xx_hal_gpio.o
                0x0000000008005110                HAL_GPIO_Init
 .text.HAL_GPIO_WritePin
                0x0000000008005418       0x32 ./Drivers/STM32F4xx_HAL_Driver/Src/stm32f4xx_hal_gpio.o
                0x0000000008005418                HAL_GPIO_WritePin
 *fill*         0x000000000800544a        0x2 
 .text.HAL_RCC_OscConfig
                0x000000000800544c      0x4f0 ./Drivers/STM32F4xx_HAL_Driver/Src/stm32f4xx_hal_rcc.o
                0x000000000800544c                HAL_RCC_OscConfig
 .text.HAL_RCC_ClockConfig
                0x000000000800593c      0x1cc ./Drivers/STM32F4xx_HAL_Driver/Src/stm32f4xx_hal_rcc.o
                0x000000000800593c                HAL_RCC_ClockConfig
 .text.HAL_RCC_GetSysClockFreq
                0x0000000008005b08      0x18c ./Drivers/STM32F4xx_HAL_Driver/Src/stm32f4xx_hal_rcc.o
                0x0000000008005b08                HAL_RCC_GetSysClockFreq
 .text.__errno  0x0000000008005c94        0xc c:/st/stm32cubeide_1.10.1/stm32cubeide/plugins/com.st.stm32cube.ide.mcu.externaltools.gnu-tools-for-stm32.10.3-2021.10.win32_1.0.0.202111181127/tools/bin/../lib/gcc/arm-none-eabi/10.3.1/../../../../arm-none-eabi/lib/thumb/v7e-m+fp/hard\libc_nano.a(lib_a-errno.o)
                0x0000000008005c94                __errno
 .text.__libc_init_array
                0x0000000008005ca0       0x48 c:/st/stm32cubeide_1.10.1/stm32cubeide/plugins/com.st.stm32cube.ide.mcu.externaltools.gnu-tools-for-stm32.10.3-2021.10.win32_1.0.0.202111181127/tools/bin/../lib/gcc/arm-none-eabi/10.3.1/../../../../arm-none-eabi/lib/thumb/v7e-m+fp/hard\libc_nano.a(lib_a-init.o)
                0x0000000008005ca0                __libc_init_array
 .text.memset   0x0000000008005ce8       0x10 c:/st/stm32cubeide_1.10.1/stm32cubeide/plugins/com.st.stm32cube.ide.mcu.externaltools.gnu-tools-for-stm32.10.3-2021.10.win32_1.0.0.202111181127/tools/bin/../lib/gcc/arm-none-eabi/10.3.1/../../../../arm-none-eabi/lib/thumb/v7e-m+fp/hard\libc_nano.a(lib_a-memset.o)
                0x0000000008005ce8                memset
 .text.sprintf  0x0000000008005cf8       0x40 c:/st/stm32cubeide_1.10.1/stm32cubeide/plugins/com.st.stm32cube.ide.mcu.externaltools.gnu-tools-for-stm32.10.3-2021.10.win32_1.0.0.202111181127/tools/bin/../lib/gcc/arm-none-eabi/10.3.1/../../../../arm-none-eabi/lib/thumb/v7e-m+fp/hard\libc_nano.a(lib_a-sprintf.o)
                0x0000000008005cf8                siprintf
                0x0000000008005cf8                sprintf
 .text.__ssputs_r
                0x0000000008005d38       0xb6 c:/st/stm32cubeide_1.10.1/stm32cubeide/plugins/com.st.stm32cube.ide.mcu.externaltools.gnu-tools-for-stm32.10.3-2021.10.win32_1.0.0.202111181127/tools/bin/../lib/gcc/arm-none-eabi/10.3.1/../../../../arm-none-eabi/lib/thumb/v7e-m+fp/hard\libc_nano.a(lib_a-nano-svfprintf.o)
                0x0000000008005d38                __ssputs_r
 *fill*         0x0000000008005dee        0x2 
 .text._svfprintf_r
                0x0000000008005df0      0x200 c:/st/stm32cubeide_1.10.1/stm32cubeide/plugins/com.st.stm32cube.ide.mcu.externaltools.gnu-tools-for-stm32.10.3-2021.10.win32_1.0.0.202111181127/tools/bin/../lib/gcc/arm-none-eabi/10.3.1/../../../../arm-none-eabi/lib/thumb/v7e-m+fp/hard\libc_nano.a(lib_a-nano-svfprintf.o)
                0x0000000008005df0                _svfiprintf_r
                0x0000000008005df0                _svfprintf_r
 .text._printf_common
                0x0000000008005ff0       0xda c:/st/stm32cubeide_1.10.1/stm32cubeide/plugins/com.st.stm32cube.ide.mcu.externaltools.gnu-tools-for-stm32.10.3-2021.10.win32_1.0.0.202111181127/tools/bin/../lib/gcc/arm-none-eabi/10.3.1/../../../../arm-none-eabi/lib/thumb/v7e-m+fp/hard\libc_nano.a(lib_a-nano-vfprintf_i.o)
                0x0000000008005ff0                _printf_common
 *fill*         0x00000000080060ca        0x2 
 .text._printf_i
                0x00000000080060cc      0x24c c:/st/stm32cubeide_1.10.1/stm32cubeide/plugins/com.st.stm32cube.ide.mcu.externaltools.gnu-tools-for-stm32.10.3-2021.10.win32_1.0.0.202111181127/tools/bin/../lib/gcc/arm-none-eabi/10.3.1/../../../../arm-none-eabi/lib/thumb/v7e-m+fp/hard\libc_nano.a(lib_a-nano-vfprintf_i.o)
                0x00000000080060cc                _printf_i
 .text.memcpy   0x0000000008006318       0x1c c:/st/stm32cubeide_1.10.1/stm32cubeide/plugins/com.st.stm32cube.ide.mcu.externaltools.gnu-tools-for-stm32.10.3-2021.10.win32_1.0.0.202111181127/tools/bin/../lib/gcc/arm-none-eabi/10.3.1/../../../../arm-none-eabi/lib/thumb/v7e-m+fp/hard\libc_nano.a(lib_a-memcpy-stub.o)
                0x0000000008006318                memcpy
 .text.memmove  0x0000000008006334       0x34 c:/st/stm32cubeide_1.10.1/stm32cubeide/plugins/com.st.stm32cube.ide.mcu.externaltools.gnu-tools-for-stm32.10.3-2021.10.win32_1.0.0.202111181127/tools/bin/../lib/gcc/arm-none-eabi/10.3.1/../../../../arm-none-eabi/lib/thumb/v7e-m+fp/hard\libc_nano.a(lib_a-memmove.o)
                0x0000000008006334                memmove
 .text._free_r  0x0000000008006368       0x98 c:/st/stm32cubeide_1.10.1/stm32cubeide/plugins/com.st.stm32cube.ide.mcu.externaltools.gnu-tools-for-stm32.10.3-2021.10.win32_1.0.0.202111181127/tools/bin/../lib/gcc/arm-none-eabi/10.3.1/../../../../arm-none-eabi/lib/thumb/v7e-m+fp/hard\libc_nano.a(lib_a-nano-freer.o)
                0x0000000008006368                _free_r
 .text.sbrk_aligned
                0x0000000008006400       0x40 c:/st/stm32cubeide_1.10.1/stm32cubeide/plugins/com.st.stm32cube.ide.mcu.externaltools.gnu-tools-for-stm32.10.3-2021.10.win32_1.0.0.202111181127/tools/bin/../lib/gcc/arm-none-eabi/10.3.1/../../../../arm-none-eabi/lib/thumb/v7e-m+fp/hard\libc_nano.a(lib_a-nano-mallocr.o)
 .text._malloc_r
                0x0000000008006440       0xe8 c:/st/stm32cubeide_1.10.1/stm32cubeide/plugins/com.st.stm32cube.ide.mcu.externaltools.gnu-tools-for-stm32.10.3-2021.10.win32_1.0.0.202111181127/tools/bin/../lib/gcc/arm-none-eabi/10.3.1/../../../../arm-none-eabi/lib/thumb/v7e-m+fp/hard\libc_nano.a(lib_a-nano-mallocr.o)
                0x0000000008006440                _malloc_r
 .text._realloc_r
                0x0000000008006528       0x5e c:/st/stm32cubeide_1.10.1/stm32cubeide/plugins/com.st.stm32cube.ide.mcu.externaltools.gnu-tools-for-stm32.10.3-2021.10.win32_1.0.0.202111181127/tools/bin/../lib/gcc/arm-none-eabi/10.3.1/../../../../arm-none-eabi/lib/thumb/v7e-m+fp/hard\libc_nano.a(lib_a-nano-reallocr.o)
                0x0000000008006528                _realloc_r
 *fill*         0x0000000008006586        0x2 
 .text._sbrk_r  0x0000000008006588       0x20 c:/st/stm32cubeide_1.10.1/stm32cubeide/plugins/com.st.stm32cube.ide.mcu.externaltools.gnu-tools-for-stm32.10.3-2021.10.win32_1.0.0.202111181127/tools/bin/../lib/gcc/arm-none-eabi/10.3.1/../../../../arm-none-eabi/lib/thumb/v7e-m+fp/hard\libc_nano.a(lib_a-sbrkr.o)
                0x0000000008006588                _sbrk_r
 .text.__malloc_lock
                0x00000000080065a8        0xc c:/st/stm32cubeide_1.10.1/stm32cubeide/plugins/com.st.stm32cube.ide.mcu.externaltools.gnu-tools-for-stm32.10.3-2021.10.win32_1.0.0.202111181127/tools/bin/../lib/gcc/arm-none-eabi/10.3.1/../../../../arm-none-eabi/lib/thumb/v7e-m+fp/hard\libc_nano.a(lib_a-mlock.o)
                0x00000000080065a8                __malloc_lock
 .text.__malloc_unlock
                0x00000000080065b4        0xc c:/st/stm32cubeide_1.10.1/stm32cubeide/plugins/com.st.stm32cube.ide.mcu.externaltools.gnu-tools-for-stm32.10.3-2021.10.win32_1.0.0.202111181127/tools/bin/../lib/gcc/arm-none-eabi/10.3.1/../../../../arm-none-eabi/lib/thumb/v7e-m+fp/hard\libc_nano.a(lib_a-mlock.o)
                0x00000000080065b4                __malloc_unlock
 .text._malloc_usable_size_r
                0x00000000080065c0       0x10 c:/st/stm32cubeide_1.10.1/stm32cubeide/plugins/com.st.stm32cube.ide.mcu.externaltools.gnu-tools-for-stm32.10.3-2021.10.win32_1.0.0.202111181127/tools/bin/../lib/gcc/arm-none-eabi/10.3.1/../../../../arm-none-eabi/lib/thumb/v7e-m+fp/hard\libc_nano.a(lib_a-nano-msizer.o)
                0x00000000080065c0                _malloc_usable_size_r
 .text.__retarget_lock_acquire_recursive
                0x00000000080065d0        0x2 c:/st/stm32cubeide_1.10.1/stm32cubeide/plugins/com.st.stm32cube.ide.mcu.externaltools.gnu-tools-for-stm32.10.3-2021.10.win32_1.0.0.202111181127/tools/bin/../lib/gcc/arm-none-eabi/10.3.1/../../../../arm-none-eabi/lib/thumb/v7e-m+fp/hard\libc_nano.a(lib_a-lock.o)
                0x00000000080065d0                __retarget_lock_acquire_recursive
 .text.__retarget_lock_release_recursive
                0x00000000080065d2        0x2 c:/st/stm32cubeide_1.10.1/stm32cubeide/plugins/com.st.stm32cube.ide.mcu.externaltools.gnu-tools-for-stm32.10.3-2021.10.win32_1.0.0.202111181127/tools/bin/../lib/gcc/arm-none-eabi/10.3.1/../../../../arm-none-eabi/lib/thumb/v7e-m+fp/hard\libc_nano.a(lib_a-lock.o)
                0x00000000080065d2                __retarget_lock_release_recursive
 *(.glue_7)
 .glue_7        0x00000000080065d4        0x0 linker stubs
 *(.glue_7t)
 .glue_7t       0x00000000080065d4        0x0 linker stubs
 *(.eh_frame)
 .eh_frame      0x00000000080065d4        0x0 c:/st/stm32cubeide_1.10.1/stm32cubeide/plugins/com.st.stm32cube.ide.mcu.externaltools.gnu-tools-for-stm32.10.3-2021.10.win32_1.0.0.202111181127/tools/bin/../lib/gcc/arm-none-eabi/10.3.1/thumb/v7e-m+fp/hard/crtbegin.o
 *(.init)
 .init          0x00000000080065d4        0x4 c:/st/stm32cubeide_1.10.1/stm32cubeide/plugins/com.st.stm32cube.ide.mcu.externaltools.gnu-tools-for-stm32.10.3-2021.10.win32_1.0.0.202111181127/tools/bin/../lib/gcc/arm-none-eabi/10.3.1/thumb/v7e-m+fp/hard/crti.o
                0x00000000080065d4                _init
 .init          0x00000000080065d8        0x8 c:/st/stm32cubeide_1.10.1/stm32cubeide/plugins/com.st.stm32cube.ide.mcu.externaltools.gnu-tools-for-stm32.10.3-2021.10.win32_1.0.0.202111181127/tools/bin/../lib/gcc/arm-none-eabi/10.3.1/thumb/v7e-m+fp/hard/crtn.o
 *(.fini)
 .fini          0x00000000080065e0        0x4 c:/st/stm32cubeide_1.10.1/stm32cubeide/plugins/com.st.stm32cube.ide.mcu.externaltools.gnu-tools-for-stm32.10.3-2021.10.win32_1.0.0.202111181127/tools/bin/../lib/gcc/arm-none-eabi/10.3.1/thumb/v7e-m+fp/hard/crti.o
                0x00000000080065e0                _fini
 .fini          0x00000000080065e4        0x8 c:/st/stm32cubeide_1.10.1/stm32cubeide/plugins/com.st.stm32cube.ide.mcu.externaltools.gnu-tools-for-stm32.10.3-2021.10.win32_1.0.0.202111181127/tools/bin/../lib/gcc/arm-none-eabi/10.3.1/thumb/v7e-m+fp/hard/crtn.o
                0x00000000080065ec                . = ALIGN (0x4)
                0x00000000080065ec                _etext = .

.vfp11_veneer   0x00000000080065ec        0x0
 .vfp11_veneer  0x00000000080065ec        0x0 linker stubs

.v4_bx          0x00000000080065ec        0x0
 .v4_bx         0x00000000080065ec        0x0 linker stubs

.iplt           0x00000000080065ec        0x0
 .iplt          0x00000000080065ec        0x0 c:/st/stm32cubeide_1.10.1/stm32cubeide/plugins/com.st.stm32cube.ide.mcu.externaltools.gnu-tools-for-stm32.10.3-2021.10.win32_1.0.0.202111181127/tools/bin/../lib/gcc/arm-none-eabi/10.3.1/thumb/v7e-m+fp/hard/crtbegin.o

.rodata         0x00000000080065ec    0x1c9f0
                0x00000000080065ec                . = ALIGN (0x4)
 *(.rodata)
 .rodata        0x00000000080065ec       0x3d ./Core/Src/main.o
 *(.rodata*)
 *fill*         0x0000000008006629        0x3 
 .rodata.default_font
                0x000000000800662c      0x500 ./Core/Src/main.o
                0x000000000800662c                default_font
 .rodata.FreeSansBoldOblique9pt7bBitmaps
                0x0000000008006b2c      0x5b8 ./Core/Src/main.o
                0x0000000008006b2c                FreeSansBoldOblique9pt7bBitmaps
 .rodata.FreeSansBoldOblique9pt7bGlyphs
                0x00000000080070e4      0x2f8 ./Core/Src/main.o
                0x00000000080070e4                FreeSansBoldOblique9pt7bGlyphs
 .rodata.FreeSansBoldOblique9pt7b
                0x00000000080073dc       0x10 ./Core/Src/main.o
                0x00000000080073dc                FreeSansBoldOblique9pt7b
 .rodata.FreeSansBold24pt7bBitmaps
                0x00000000080073ec     0x1fcf ./Core/Src/main.o
                0x00000000080073ec                FreeSansBold24pt7bBitmaps
 *fill*         0x00000000080093bb        0x1 
 .rodata.FreeSansBold24pt7bGlyphs
                0x00000000080093bc      0x2f8 ./Core/Src/main.o
                0x00000000080093bc                FreeSansBold24pt7bGlyphs
 .rodata.FreeSansBold24pt7b
                0x00000000080096b4       0x10 ./Core/Src/main.o
                0x00000000080096b4                FreeSansBold24pt7b
 .rodata.JI_31x43
                0x00000000080096c4      0xa6a ./Core/Src/main.o
                0x00000000080096c4                JI_31x43
 *fill*         0x000000000800a12e        0x2 
 .rodata.scared_31x43
                0x000000000800a130      0xa6a ./Core/Src/main.o
                0x000000000800a130                scared_31x43
 *fill*         0x000000000800ab9a        0x2 
 .rodata.dead_31x43
                0x000000000800ab9c      0xa6a ./Core/Src/main.o
                0x000000000800ab9c                dead_31x43
 *fill*         0x000000000800b606        0x2 
 .rodata.PI_400x240
                0x000000000800b608    0x17700 ./Core/Src/main.o
                0x000000000800b608                PI_400x240
 .rodata.GenSymbol_79x60
                0x0000000008022d08      0x253 ./Core/Src/main.o
                0x0000000008022d08                GenSymbol_79x60
 *fill*         0x0000000008022f5b        0x1 
 .rodata.ILI9327_regValues.12
                0x0000000008022f5c       0x1e ./Core/Src/main.o
 *fill*         0x0000000008022f7a        0x2 
 .rodata.reset_off.11
                0x0000000008022f7c        0x9 ./Core/Src/main.o
 *fill*         0x0000000008022f85        0x3 
 .rodata.wake_on.10
                0x0000000008022f88        0x6 ./Core/Src/main.o
 *fill*         0x0000000008022f8e        0x2 
 .rodata.AHBPrescTable
                0x0000000008022f90       0x10 ./Core/Src/system_stm32f4xx.o
                0x0000000008022f90                AHBPrescTable
 .rodata.flagBitshiftOffset.0
                0x0000000008022fa0        0x8 ./Drivers/STM32F4xx_HAL_Driver/Src/stm32f4xx_hal_dma.o
 .rodata._svfprintf_r.str1.1
                0x0000000008022fa8       0x11 c:/st/stm32cubeide_1.10.1/stm32cubeide/plugins/com.st.stm32cube.ide.mcu.externaltools.gnu-tools-for-stm32.10.3-2021.10.win32_1.0.0.202111181127/tools/bin/../lib/gcc/arm-none-eabi/10.3.1/../../../../arm-none-eabi/lib/thumb/v7e-m+fp/hard\libc_nano.a(lib_a-nano-svfprintf.o)
 .rodata._printf_i.str1.1
                0x0000000008022fb9       0x22 c:/st/stm32cubeide_1.10.1/stm32cubeide/plugins/com.st.stm32cube.ide.mcu.externaltools.gnu-tools-for-stm32.10.3-2021.10.win32_1.0.0.202111181127/tools/bin/../lib/gcc/arm-none-eabi/10.3.1/../../../../arm-none-eabi/lib/thumb/v7e-m+fp/hard\libc_nano.a(lib_a-nano-vfprintf_i.o)
                0x0000000008022fdc                . = ALIGN (0x4)
 *fill*         0x0000000008022fdb        0x1 

.ARM.extab      0x0000000008022fdc        0x0
                0x0000000008022fdc                . = ALIGN (0x4)
 *(.ARM.extab* .gnu.linkonce.armextab.*)
                0x0000000008022fdc                . = ALIGN (0x4)

.ARM            0x0000000008022fdc        0x8
                0x0000000008022fdc                . = ALIGN (0x4)
                0x0000000008022fdc                __exidx_start = .
 *(.ARM.exidx*)
 .ARM.exidx     0x0000000008022fdc        0x8 c:/st/stm32cubeide_1.10.1/stm32cubeide/plugins/com.st.stm32cube.ide.mcu.externaltools.gnu-tools-for-stm32.10.3-2021.10.win32_1.0.0.202111181127/tools/bin/../lib/gcc/arm-none-eabi/10.3.1/thumb/v7e-m+fp/hard\libgcc.a(_udivmoddi4.o)
                0x0000000008022fe4                __exidx_end = .
                0x0000000008022fe4                . = ALIGN (0x4)

.rel.dyn        0x0000000008022fe4        0x0
 .rel.iplt      0x0000000008022fe4        0x0 c:/st/stm32cubeide_1.10.1/stm32cubeide/plugins/com.st.stm32cube.ide.mcu.externaltools.gnu-tools-for-stm32.10.3-2021.10.win32_1.0.0.202111181127/tools/bin/../lib/gcc/arm-none-eabi/10.3.1/thumb/v7e-m+fp/hard/crtbegin.o

.preinit_array  0x0000000008022fe4        0x0
                0x0000000008022fe4                . = ALIGN (0x4)
                0x0000000008022fe4                PROVIDE (__preinit_array_start = .)
 *(.preinit_array*)
                0x0000000008022fe4                PROVIDE (__preinit_array_end = .)
                0x0000000008022fe4                . = ALIGN (0x4)

.init_array     0x0000000008022fe4        0x4
                0x0000000008022fe4                . = ALIGN (0x4)
                0x0000000008022fe4                PROVIDE (__init_array_start = .)
 *(SORT_BY_NAME(.init_array.*))
 *(.init_array*)
 .init_array    0x0000000008022fe4        0x4 c:/st/stm32cubeide_1.10.1/stm32cubeide/plugins/com.st.stm32cube.ide.mcu.externaltools.gnu-tools-for-stm32.10.3-2021.10.win32_1.0.0.202111181127/tools/bin/../lib/gcc/arm-none-eabi/10.3.1/thumb/v7e-m+fp/hard/crtbegin.o
                0x0000000008022fe8                PROVIDE (__init_array_end = .)
                0x0000000008022fe8                . = ALIGN (0x4)

.fini_array     0x0000000008022fe8        0x4
                0x0000000008022fe8                . = ALIGN (0x4)
                [!provide]                        PROVIDE (__fini_array_start = .)
 *(SORT_BY_NAME(.fini_array.*))
 *(.fini_array*)
 .fini_array    0x0000000008022fe8        0x4 c:/st/stm32cubeide_1.10.1/stm32cubeide/plugins/com.st.stm32cube.ide.mcu.externaltools.gnu-tools-for-stm32.10.3-2021.10.win32_1.0.0.202111181127/tools/bin/../lib/gcc/arm-none-eabi/10.3.1/thumb/v7e-m+fp/hard/crtbegin.o
                [!provide]                        PROVIDE (__fini_array_end = .)
                0x0000000008022fec                . = ALIGN (0x4)
                0x0000000008022fec                _sidata = LOADADDR (.data)

.data           0x0000000020000000       0xc8 load address 0x0000000008022fec
                0x0000000020000000                . = ALIGN (0x4)
                0x0000000020000000                _sdata = .
 *(.data)
 *(.data*)
 .data.menu     0x0000000020000000        0x2 ./Core/Src/main.o
                0x0000000020000000                menu
 .data._SC      0x0000000020000002        0x2 ./Core/Src/main.o
                0x0000000020000002                _SC
 .data._EC      0x0000000020000004        0x2 ./Core/Src/main.o
                0x0000000020000004                _EC
 .data._SP      0x0000000020000006        0x2 ./Core/Src/main.o
                0x0000000020000006                _SP
 .data._EP      0x0000000020000008        0x2 ./Core/Src/main.o
                0x0000000020000008                _EP
 .data._MW      0x000000002000000a        0x2 ./Core/Src/main.o
                0x000000002000000a                _MW
 .data._MP      0x000000002000000c        0x2 ./Core/Src/main.o
                0x000000002000000c                _MP
 .data._MC      0x000000002000000e        0x2 ./Core/Src/main.o
                0x000000002000000e                _MC
 .data.HEIGHT   0x0000000020000010        0x2 ./Core/Src/main.o
                0x0000000020000010                HEIGHT
 .data.WIDTH    0x0000000020000012        0x2 ./Core/Src/main.o
                0x0000000020000012                WIDTH
 .data.litera_w
                0x0000000020000014        0x2 ./Core/Src/main.o
                0x0000000020000014                litera_w
 .data.litera_h
                0x0000000020000016        0x2 ./Core/Src/main.o
                0x0000000020000016                litera_h
 .data.litera_o
                0x0000000020000018        0x2 ./Core/Src/main.o
                0x0000000020000018                litera_o
 .data.txt_color
                0x000000002000001a        0x2 ./Core/Src/main.o
                0x000000002000001a                txt_color
 .data.rury     0x000000002000001c       0x3c ./Core/Src/main.o
                0x000000002000001c                rury
 .data.SystemCoreClock
                0x0000000020000058        0x4 ./Core/Src/system_stm32f4xx.o
                0x0000000020000058                SystemCoreClock
 .data.uwTickPrio
                0x000000002000005c        0x4 ./Drivers/STM32F4xx_HAL_Driver/Src/stm32f4xx_hal.o
                0x000000002000005c                uwTickPrio
 .data.uwTickFreq
                0x0000000020000060        0x1 ./Drivers/STM32F4xx_HAL_Driver/Src/stm32f4xx_hal.o
                0x0000000020000060                uwTickFreq
 *fill*         0x0000000020000061        0x3 
 .data._impure_ptr
                0x0000000020000064        0x4 c:/st/stm32cubeide_1.10.1/stm32cubeide/plugins/com.st.stm32cube.ide.mcu.externaltools.gnu-tools-for-stm32.10.3-2021.10.win32_1.0.0.202111181127/tools/bin/../lib/gcc/arm-none-eabi/10.3.1/../../../../arm-none-eabi/lib/thumb/v7e-m+fp/hard\libc_nano.a(lib_a-impure.o)
                0x0000000020000064                _impure_ptr
 .data.impure_data
                0x0000000020000068       0x60 c:/st/stm32cubeide_1.10.1/stm32cubeide/plugins/com.st.stm32cube.ide.mcu.externaltools.gnu-tools-for-stm32.10.3-2021.10.win32_1.0.0.202111181127/tools/bin/../lib/gcc/arm-none-eabi/10.3.1/../../../../arm-none-eabi/lib/thumb/v7e-m+fp/hard\libc_nano.a(lib_a-impure.o)
 *(.RamFunc)
 *(.RamFunc*)
                0x00000000200000c8                . = ALIGN (0x4)
                0x00000000200000c8                _edata = .

.igot.plt       0x00000000200000c8        0x0 load address 0x00000000080230b4
 .igot.plt      0x00000000200000c8        0x0 c:/st/stm32cubeide_1.10.1/stm32cubeide/plugins/com.st.stm32cube.ide.mcu.externaltools.gnu-tools-for-stm32.10.3-2021.10.win32_1.0.0.202111181127/tools/bin/../lib/gcc/arm-none-eabi/10.3.1/thumb/v7e-m+fp/hard/crtbegin.o
                0x00000000200000c8                . = ALIGN (0x4)

.bss            0x00000000200000c8      0x224 load address 0x00000000080230b4
                0x00000000200000c8                _sbss = .
                0x00000000200000c8                __bss_start__ = _sbss
 *(.bss)
 .bss           0x00000000200000c8       0x1c c:/st/stm32cubeide_1.10.1/stm32cubeide/plugins/com.st.stm32cube.ide.mcu.externaltools.gnu-tools-for-stm32.10.3-2021.10.win32_1.0.0.202111181127/tools/bin/../lib/gcc/arm-none-eabi/10.3.1/thumb/v7e-m+fp/hard/crtbegin.o
 *(.bss*)
 .bss.butLockFlag
                0x00000000200000e4        0x1 ./Core/Src/main.o
                0x00000000200000e4                butLockFlag
 *fill*         0x00000000200000e5        0x3 
 .bss.scrTimer  0x00000000200000e8        0x4 ./Core/Src/main.o
                0x00000000200000e8                scrTimer
 .bss.ADC_INS   0x00000000200000ec       0x10 ./Core/Src/main.o
                0x00000000200000ec                ADC_INS
 .bss._lcd_capable
                0x00000000200000fc        0x2 ./Core/Src/main.o
                0x00000000200000fc                _lcd_capable
 .bss.rotation  0x00000000200000fe        0x1 ./Core/Src/main.o
                0x00000000200000fe                rotation
 *fill*         0x00000000200000ff        0x1 
 .bss._lcd_madctl
                0x0000000020000100        0x2 ./Core/Src/main.o
                0x0000000020000100                _lcd_madctl
 .bss.cur_x     0x0000000020000102        0x2 ./Core/Src/main.o
                0x0000000020000102                cur_x
 .bss.cur_y     0x0000000020000104        0x2 ./Core/Src/main.o
                0x0000000020000104                cur_y
 .bss.txt_bg    0x0000000020000106        0x2 ./Core/Src/main.o
                0x0000000020000106                txt_bg
 .bss.txt_margin_x
                0x0000000020000108        0x2 ./Core/Src/main.o
                0x0000000020000108                txt_margin_x
 *fill*         0x000000002000010a        0x2 
 .bss.gfxFont   0x000000002000010c        0x4 ./Core/Src/main.o
                0x000000002000010c                gfxFont
 .bss.ruraCrossed
                0x0000000020000110        0xa ./Core/Src/main.o
                0x0000000020000110                ruraCrossed
 .bss.maxx      0x000000002000011a        0x2 ./Core/Src/main.o
                0x000000002000011a                maxx
 .bss.mordaY    0x000000002000011c        0x2 ./Core/Src/main.o
                0x000000002000011c                mordaY
 .bss.minigraScore
                0x000000002000011e        0x1 ./Core/Src/main.o
                0x000000002000011e                minigraScore
 .bss.minigraBest
                0x000000002000011f        0x1 ./Core/Src/main.o
                0x000000002000011f                minigraBest
 .bss.tuorows   0x0000000020000120       0xf0 ./Core/Src/main.o
                0x0000000020000120                tuorows
 .bss.hadc1     0x0000000020000210       0x48 ./Core/Src/main.o
                0x0000000020000210                hadc1
 .bss.hdma_adc1
                0x0000000020000258       0x60 ./Core/Src/main.o
                0x0000000020000258                hdma_adc1
 .bss.lockTimer.14
                0x00000000200002b8        0x4 ./Core/Src/main.o
 .bss.bufState.13
                0x00000000200002bc        0x1 ./Core/Src/main.o
 *fill*         0x00000000200002bd        0x1 
 .bss.prevBuf.9
                0x00000000200002be        0x2 ./Core/Src/main.o
 .bss.lx.8      0x00000000200002c0        0x2 ./Core/Src/main.o
 .bss.ly.7      0x00000000200002c2        0x2 ./Core/Src/main.o
 .bss.lsc.6     0x00000000200002c4        0x1 ./Core/Src/main.o
 .bss.lastPress.5
                0x00000000200002c5        0x1 ./Core/Src/main.o
 .bss.accel.4   0x00000000200002c6        0x2 ./Core/Src/main.o
 .bss.speed.3   0x00000000200002c8        0x2 ./Core/Src/main.o
 .bss.curPos.2  0x00000000200002ca        0x2 ./Core/Src/main.o
 .bss.blinkTimer.1
                0x00000000200002cc        0x4 ./Core/Src/main.o
 .bss.blinkSt.0
                0x00000000200002d0        0x1 ./Core/Src/main.o
 *fill*         0x00000000200002d1        0x3 
 .bss.__sbrk_heap_end
                0x00000000200002d4        0x4 ./Core/Src/sysmem.o
 .bss.uwTick    0x00000000200002d8        0x4 ./Drivers/STM32F4xx_HAL_Driver/Src/stm32f4xx_hal.o
                0x00000000200002d8                uwTick
 .bss.__malloc_free_list
                0x00000000200002dc        0x4 c:/st/stm32cubeide_1.10.1/stm32cubeide/plugins/com.st.stm32cube.ide.mcu.externaltools.gnu-tools-for-stm32.10.3-2021.10.win32_1.0.0.202111181127/tools/bin/../lib/gcc/arm-none-eabi/10.3.1/../../../../arm-none-eabi/lib/thumb/v7e-m+fp/hard\libc_nano.a(lib_a-nano-mallocr.o)
                0x00000000200002dc                __malloc_free_list
 .bss.__malloc_sbrk_start
                0x00000000200002e0        0x4 c:/st/stm32cubeide_1.10.1/stm32cubeide/plugins/com.st.stm32cube.ide.mcu.externaltools.gnu-tools-for-stm32.10.3-2021.10.win32_1.0.0.202111181127/tools/bin/../lib/gcc/arm-none-eabi/10.3.1/../../../../arm-none-eabi/lib/thumb/v7e-m+fp/hard\libc_nano.a(lib_a-nano-mallocr.o)
                0x00000000200002e0                __malloc_sbrk_start
 .bss.errno     0x00000000200002e4        0x4 c:/st/stm32cubeide_1.10.1/stm32cubeide/plugins/com.st.stm32cube.ide.mcu.externaltools.gnu-tools-for-stm32.10.3-2021.10.win32_1.0.0.202111181127/tools/bin/../lib/gcc/arm-none-eabi/10.3.1/../../../../arm-none-eabi/lib/thumb/v7e-m+fp/hard\libc_nano.a(lib_a-reent.o)
                0x00000000200002e4                errno
 .bss.__lock___malloc_recursive_mutex
                0x00000000200002e8        0x1 c:/st/stm32cubeide_1.10.1/stm32cubeide/plugins/com.st.stm32cube.ide.mcu.externaltools.gnu-tools-for-stm32.10.3-2021.10.win32_1.0.0.202111181127/tools/bin/../lib/gcc/arm-none-eabi/10.3.1/../../../../arm-none-eabi/lib/thumb/v7e-m+fp/hard\libc_nano.a(lib_a-lock.o)
                0x00000000200002e8                __lock___malloc_recursive_mutex
 *(COMMON)
                0x00000000200002ec                . = ALIGN (0x4)
 *fill*         0x00000000200002e9        0x3 
                0x00000000200002ec                _ebss = .
                0x00000000200002ec                __bss_end__ = _ebss

._user_heap_stack
                0x00000000200002ec      0x604 load address 0x00000000080230b4
                0x00000000200002f0                . = ALIGN (0x8)
 *fill*         0x00000000200002ec        0x4 
                [!provide]                        PROVIDE (end = .)
                0x00000000200002f0                PROVIDE (_end = .)
                0x00000000200004f0                . = (. + _Min_Heap_Size)
 *fill*         0x00000000200002f0      0x200 
                0x00000000200008f0                . = (. + _Min_Stack_Size)
 *fill*         0x00000000200004f0      0x400 
                0x00000000200008f0                . = ALIGN (0x8)

/DISCARD/
 libc.a(*)
 libm.a(*)
 libgcc.a(*)

.ARM.attributes
                0x0000000000000000       0x30
 *(.ARM.attributes)
 .ARM.attributes
                0x0000000000000000       0x1e c:/st/stm32cubeide_1.10.1/stm32cubeide/plugins/com.st.stm32cube.ide.mcu.externaltools.gnu-tools-for-stm32.10.3-2021.10.win32_1.0.0.202111181127/tools/bin/../lib/gcc/arm-none-eabi/10.3.1/thumb/v7e-m+fp/hard/crti.o
 .ARM.attributes
                0x000000000000001e       0x34 c:/st/stm32cubeide_1.10.1/stm32cubeide/plugins/com.st.stm32cube.ide.mcu.externaltools.gnu-tools-for-stm32.10.3-2021.10.win32_1.0.0.202111181127/tools/bin/../lib/gcc/arm-none-eabi/10.3.1/thumb/v7e-m+fp/hard/crtbegin.o
 .ARM.attributes
                0x0000000000000052       0x34 ./Core/Src/main.o
 .ARM.attributes
                0x0000000000000086       0x34 ./Core/Src/stm32f4xx_hal_msp.o
 .ARM.attributes
                0x00000000000000ba       0x34 ./Core/Src/stm32f4xx_it.o
 .ARM.attributes
                0x00000000000000ee       0x34 ./Core/Src/sysmem.o
 .ARM.attributes
                0x0000000000000122       0x34 ./Core/Src/system_stm32f4xx.o
 .ARM.attributes
                0x0000000000000156       0x21 ./Core/Startup/startup_stm32f401ccux.o
 .ARM.attributes
                0x0000000000000177       0x34 ./Drivers/STM32F4xx_HAL_Driver/Src/stm32f4xx_hal.o
 .ARM.attributes
                0x00000000000001ab       0x34 ./Drivers/STM32F4xx_HAL_Driver/Src/stm32f4xx_hal_adc.o
 .ARM.attributes
                0x00000000000001df       0x34 ./Drivers/STM32F4xx_HAL_Driver/Src/stm32f4xx_hal_cortex.o
 .ARM.attributes
                0x0000000000000213       0x34 ./Drivers/STM32F4xx_HAL_Driver/Src/stm32f4xx_hal_dma.o
 .ARM.attributes
                0x0000000000000247       0x34 ./Drivers/STM32F4xx_HAL_Driver/Src/stm32f4xx_hal_gpio.o
 .ARM.attributes
                0x000000000000027b       0x34 ./Drivers/STM32F4xx_HAL_Driver/Src/stm32f4xx_hal_rcc.o
 .ARM.attributes
                0x00000000000002af       0x34 c:/st/stm32cubeide_1.10.1/stm32cubeide/plugins/com.st.stm32cube.ide.mcu.externaltools.gnu-tools-for-stm32.10.3-2021.10.win32_1.0.0.202111181127/tools/bin/../lib/gcc/arm-none-eabi/10.3.1/../../../../arm-none-eabi/lib/thumb/v7e-m+fp/hard\libc_nano.a(lib_a-errno.o)
 .ARM.attributes
                0x00000000000002e3       0x34 c:/st/stm32cubeide_1.10.1/stm32cubeide/plugins/com.st.stm32cube.ide.mcu.externaltools.gnu-tools-for-stm32.10.3-2021.10.win32_1.0.0.202111181127/tools/bin/../lib/gcc/arm-none-eabi/10.3.1/../../../../arm-none-eabi/lib/thumb/v7e-m+fp/hard\libc_nano.a(lib_a-impure.o)
 .ARM.attributes
                0x0000000000000317       0x34 c:/st/stm32cubeide_1.10.1/stm32cubeide/plugins/com.st.stm32cube.ide.mcu.externaltools.gnu-tools-for-stm32.10.3-2021.10.win32_1.0.0.202111181127/tools/bin/../lib/gcc/arm-none-eabi/10.3.1/../../../../arm-none-eabi/lib/thumb/v7e-m+fp/hard\libc_nano.a(lib_a-init.o)
 .ARM.attributes
                0x000000000000034b       0x34 c:/st/stm32cubeide_1.10.1/stm32cubeide/plugins/com.st.stm32cube.ide.mcu.externaltools.gnu-tools-for-stm32.10.3-2021.10.win32_1.0.0.202111181127/tools/bin/../lib/gcc/arm-none-eabi/10.3.1/../../../../arm-none-eabi/lib/thumb/v7e-m+fp/hard\libc_nano.a(lib_a-memset.o)
 .ARM.attributes
                0x000000000000037f       0x34 c:/st/stm32cubeide_1.10.1/stm32cubeide/plugins/com.st.stm32cube.ide.mcu.externaltools.gnu-tools-for-stm32.10.3-2021.10.win32_1.0.0.202111181127/tools/bin/../lib/gcc/arm-none-eabi/10.3.1/../../../../arm-none-eabi/lib/thumb/v7e-m+fp/hard\libc_nano.a(lib_a-sprintf.o)
 .ARM.attributes
                0x00000000000003b3       0x17 c:/st/stm32cubeide_1.10.1/stm32cubeide/plugins/com.st.stm32cube.ide.mcu.externaltools.gnu-tools-for-stm32.10.3-2021.10.win32_1.0.0.202111181127/tools/bin/../lib/gcc/arm-none-eabi/10.3.1/../../../../arm-none-eabi/lib/thumb/v7e-m+fp/hard\libc_nano.a(lib_a-strlen.o)
 .ARM.attributes
                0x00000000000003ca       0x34 c:/st/stm32cubeide_1.10.1/stm32cubeide/plugins/com.st.stm32cube.ide.mcu.externaltools.gnu-tools-for-stm32.10.3-2021.10.win32_1.0.0.202111181127/tools/bin/../lib/gcc/arm-none-eabi/10.3.1/../../../../arm-none-eabi/lib/thumb/v7e-m+fp/hard\libc_nano.a(lib_a-nano-svfprintf.o)
 .ARM.attributes
                0x00000000000003fe       0x34 c:/st/stm32cubeide_1.10.1/stm32cubeide/plugins/com.st.stm32cube.ide.mcu.externaltools.gnu-tools-for-stm32.10.3-2021.10.win32_1.0.0.202111181127/tools/bin/../lib/gcc/arm-none-eabi/10.3.1/../../../../arm-none-eabi/lib/thumb/v7e-m+fp/hard\libc_nano.a(lib_a-nano-vfprintf_i.o)
 .ARM.attributes
                0x0000000000000432       0x1c c:/st/stm32cubeide_1.10.1/stm32cubeide/plugins/com.st.stm32cube.ide.mcu.externaltools.gnu-tools-for-stm32.10.3-2021.10.win32_1.0.0.202111181127/tools/bin/../lib/gcc/arm-none-eabi/10.3.1/../../../../arm-none-eabi/lib/thumb/v7e-m+fp/hard\libc_nano.a(lib_a-memchr.o)
 .ARM.attributes
                0x000000000000044e       0x34 c:/st/stm32cubeide_1.10.1/stm32cubeide/plugins/com.st.stm32cube.ide.mcu.externaltools.gnu-tools-for-stm32.10.3-2021.10.win32_1.0.0.202111181127/tools/bin/../lib/gcc/arm-none-eabi/10.3.1/../../../../arm-none-eabi/lib/thumb/v7e-m+fp/hard\libc_nano.a(lib_a-memcpy-stub.o)
 .ARM.attributes
                0x0000000000000482       0x34 c:/st/stm32cubeide_1.10.1/stm32cubeide/plugins/com.st.stm32cube.ide.mcu.externaltools.gnu-tools-for-stm32.10.3-2021.10.win32_1.0.0.202111181127/tools/bin/../lib/gcc/arm-none-eabi/10.3.1/../../../../arm-none-eabi/lib/thumb/v7e-m+fp/hard\libc_nano.a(lib_a-memmove.o)
 .ARM.attributes
                0x00000000000004b6       0x34 c:/st/stm32cubeide_1.10.1/stm32cubeide/plugins/com.st.stm32cube.ide.mcu.externaltools.gnu-tools-for-stm32.10.3-2021.10.win32_1.0.0.202111181127/tools/bin/../lib/gcc/arm-none-eabi/10.3.1/../../../../arm-none-eabi/lib/thumb/v7e-m+fp/hard\libc_nano.a(lib_a-nano-freer.o)
 .ARM.attributes
                0x00000000000004ea       0x34 c:/st/stm32cubeide_1.10.1/stm32cubeide/plugins/com.st.stm32cube.ide.mcu.externaltools.gnu-tools-for-stm32.10.3-2021.10.win32_1.0.0.202111181127/tools/bin/../lib/gcc/arm-none-eabi/10.3.1/../../../../arm-none-eabi/lib/thumb/v7e-m+fp/hard\libc_nano.a(lib_a-nano-mallocr.o)
 .ARM.attributes
                0x000000000000051e       0x34 c:/st/stm32cubeide_1.10.1/stm32cubeide/plugins/com.st.stm32cube.ide.mcu.externaltools.gnu-tools-for-stm32.10.3-2021.10.win32_1.0.0.202111181127/tools/bin/../lib/gcc/arm-none-eabi/10.3.1/../../../../arm-none-eabi/lib/thumb/v7e-m+fp/hard\libc_nano.a(lib_a-nano-reallocr.o)
 .ARM.attributes
                0x0000000000000552       0x34 c:/st/stm32cubeide_1.10.1/stm32cubeide/plugins/com.st.stm32cube.ide.mcu.externaltools.gnu-tools-for-stm32.10.3-2021.10.win32_1.0.0.202111181127/tools/bin/../lib/gcc/arm-none-eabi/10.3.1/../../../../arm-none-eabi/lib/thumb/v7e-m+fp/hard\libc_nano.a(lib_a-sbrkr.o)
 .ARM.attributes
                0x0000000000000586       0x34 c:/st/stm32cubeide_1.10.1/stm32cubeide/plugins/com.st.stm32cube.ide.mcu.externaltools.gnu-tools-for-stm32.10.3-2021.10.win32_1.0.0.202111181127/tools/bin/../lib/gcc/arm-none-eabi/10.3.1/../../../../arm-none-eabi/lib/thumb/v7e-m+fp/hard\libc_nano.a(lib_a-mlock.o)
 .ARM.attributes
                0x00000000000005ba       0x34 c:/st/stm32cubeide_1.10.1/stm32cubeide/plugins/com.st.stm32cube.ide.mcu.externaltools.gnu-tools-for-stm32.10.3-2021.10.win32_1.0.0.202111181127/tools/bin/../lib/gcc/arm-none-eabi/10.3.1/../../../../arm-none-eabi/lib/thumb/v7e-m+fp/hard\libc_nano.a(lib_a-nano-msizer.o)
 .ARM.attributes
                0x00000000000005ee       0x34 c:/st/stm32cubeide_1.10.1/stm32cubeide/plugins/com.st.stm32cube.ide.mcu.externaltools.gnu-tools-for-stm32.10.3-2021.10.win32_1.0.0.202111181127/tools/bin/../lib/gcc/arm-none-eabi/10.3.1/../../../../arm-none-eabi/lib/thumb/v7e-m+fp/hard\libc_nano.a(lib_a-reent.o)
 .ARM.attributes
                0x0000000000000622       0x34 c:/st/stm32cubeide_1.10.1/stm32cubeide/plugins/com.st.stm32cube.ide.mcu.externaltools.gnu-tools-for-stm32.10.3-2021.10.win32_1.0.0.202111181127/tools/bin/../lib/gcc/arm-none-eabi/10.3.1/../../../../arm-none-eabi/lib/thumb/v7e-m+fp/hard\libc_nano.a(lib_a-lock.o)
 .ARM.attributes
                0x0000000000000656       0x1e c:/st/stm32cubeide_1.10.1/stm32cubeide/plugins/com.st.stm32cube.ide.mcu.externaltools.gnu-tools-for-stm32.10.3-2021.10.win32_1.0.0.202111181127/tools/bin/../lib/gcc/arm-none-eabi/10.3.1/thumb/v7e-m+fp/hard\libgcc.a(_arm_muldf3.o)
 .ARM.attributes
                0x0000000000000674       0x1e c:/st/stm32cubeide_1.10.1/stm32cubeide/plugins/com.st.stm32cube.ide.mcu.externaltools.gnu-tools-for-stm32.10.3-2021.10.win32_1.0.0.202111181127/tools/bin/../lib/gcc/arm-none-eabi/10.3.1/thumb/v7e-m+fp/hard\libgcc.a(_arm_addsubdf3.o)
 .ARM.attributes
                0x0000000000000692       0x1e c:/st/stm32cubeide_1.10.1/stm32cubeide/plugins/com.st.stm32cube.ide.mcu.externaltools.gnu-tools-for-stm32.10.3-2021.10.win32_1.0.0.202111181127/tools/bin/../lib/gcc/arm-none-eabi/10.3.1/thumb/v7e-m+fp/hard\libgcc.a(_arm_fixdfsi.o)
 .ARM.attributes
                0x00000000000006b0       0x1e c:/st/stm32cubeide_1.10.1/stm32cubeide/plugins/com.st.stm32cube.ide.mcu.externaltools.gnu-tools-for-stm32.10.3-2021.10.win32_1.0.0.202111181127/tools/bin/../lib/gcc/arm-none-eabi/10.3.1/thumb/v7e-m+fp/hard\libgcc.a(_arm_fixunsdfsi.o)
 .ARM.attributes
                0x00000000000006ce       0x1e c:/st/stm32cubeide_1.10.1/stm32cubeide/plugins/com.st.stm32cube.ide.mcu.externaltools.gnu-tools-for-stm32.10.3-2021.10.win32_1.0.0.202111181127/tools/bin/../lib/gcc/arm-none-eabi/10.3.1/thumb/v7e-m+fp/hard\libgcc.a(_aeabi_uldivmod.o)
 .ARM.attributes
                0x00000000000006ec       0x34 c:/st/stm32cubeide_1.10.1/stm32cubeide/plugins/com.st.stm32cube.ide.mcu.externaltools.gnu-tools-for-stm32.10.3-2021.10.win32_1.0.0.202111181127/tools/bin/../lib/gcc/arm-none-eabi/10.3.1/thumb/v7e-m+fp/hard\libgcc.a(_udivmoddi4.o)
 .ARM.attributes
                0x0000000000000720       0x1e c:/st/stm32cubeide_1.10.1/stm32cubeide/plugins/com.st.stm32cube.ide.mcu.externaltools.gnu-tools-for-stm32.10.3-2021.10.win32_1.0.0.202111181127/tools/bin/../lib/gcc/arm-none-eabi/10.3.1/thumb/v7e-m+fp/hard\libgcc.a(_dvmd_tls.o)
 .ARM.attributes
                0x000000000000073e       0x1e c:/st/stm32cubeide_1.10.1/stm32cubeide/plugins/com.st.stm32cube.ide.mcu.externaltools.gnu-tools-for-stm32.10.3-2021.10.win32_1.0.0.202111181127/tools/bin/../lib/gcc/arm-none-eabi/10.3.1/thumb/v7e-m+fp/hard/crtn.o
OUTPUT(MinigraF401.elf elf32-littlearm)
LOAD linker stubs
LOAD c:/st/stm32cubeide_1.10.1/stm32cubeide/plugins/com.st.stm32cube.ide.mcu.externaltools.gnu-tools-for-stm32.10.3-2021.10.win32_1.0.0.202111181127/tools/bin/../lib/gcc/arm-none-eabi/10.3.1/../../../../arm-none-eabi/lib/thumb/v7e-m+fp/hard\libc.a
LOAD c:/st/stm32cubeide_1.10.1/stm32cubeide/plugins/com.st.stm32cube.ide.mcu.externaltools.gnu-tools-for-stm32.10.3-2021.10.win32_1.0.0.202111181127/tools/bin/../lib/gcc/arm-none-eabi/10.3.1/../../../../arm-none-eabi/lib/thumb/v7e-m+fp/hard\libm.a
LOAD c:/st/stm32cubeide_1.10.1/stm32cubeide/plugins/com.st.stm32cube.ide.mcu.externaltools.gnu-tools-for-stm32.10.3-2021.10.win32_1.0.0.202111181127/tools/bin/../lib/gcc/arm-none-eabi/10.3.1/thumb/v7e-m+fp/hard\libgcc.a

.debug_info     0x0000000000000000     0x8e19
 .debug_info    0x0000000000000000     0x3936 ./Core/Src/main.o
 .debug_info    0x0000000000003936      0xbc9 ./Core/Src/stm32f4xx_hal_msp.o
 .debug_info    0x00000000000044ff      0x3e4 ./Core/Src/stm32f4xx_it.o
 .debug_info    0x00000000000048e3      0x171 ./Core/Src/sysmem.o
 .debug_info    0x0000000000004a54      0x54f ./Core/Src/system_stm32f4xx.o
 .debug_info    0x0000000000004fa3       0x22 ./Core/Startup/startup_stm32f401ccux.o
 .debug_info    0x0000000000004fc5      0x906 ./Drivers/STM32F4xx_HAL_Driver/Src/stm32f4xx_hal.o
 .debug_info    0x00000000000058cb      0xd68 ./Drivers/STM32F4xx_HAL_Driver/Src/stm32f4xx_hal_adc.o
 .debug_info    0x0000000000006633      0xd85 ./Drivers/STM32F4xx_HAL_Driver/Src/stm32f4xx_hal_cortex.o
 .debug_info    0x00000000000073b8      0x947 ./Drivers/STM32F4xx_HAL_Driver/Src/stm32f4xx_hal_dma.o
 .debug_info    0x0000000000007cff      0x78e ./Drivers/STM32F4xx_HAL_Driver/Src/stm32f4xx_hal_gpio.o
 .debug_info    0x000000000000848d      0x98c ./Drivers/STM32F4xx_HAL_Driver/Src/stm32f4xx_hal_rcc.o

.debug_abbrev   0x0000000000000000     0x179a
 .debug_abbrev  0x0000000000000000      0x4b7 ./Core/Src/main.o
 .debug_abbrev  0x00000000000004b7      0x1ef ./Core/Src/stm32f4xx_hal_msp.o
 .debug_abbrev  0x00000000000006a6      0x130 ./Core/Src/stm32f4xx_it.o
 .debug_abbrev  0x00000000000007d6       0xbb ./Core/Src/sysmem.o
 .debug_abbrev  0x0000000000000891      0x116 ./Core/Src/system_stm32f4xx.o
 .debug_abbrev  0x00000000000009a7       0x12 ./Core/Startup/startup_stm32f401ccux.o
 .debug_abbrev  0x00000000000009b9      0x23e ./Drivers/STM32F4xx_HAL_Driver/Src/stm32f4xx_hal.o
 .debug_abbrev  0x0000000000000bf7      0x204 ./Drivers/STM32F4xx_HAL_Driver/Src/stm32f4xx_hal_adc.o
 .debug_abbrev  0x0000000000000dfb      0x316 ./Drivers/STM32F4xx_HAL_Driver/Src/stm32f4xx_hal_cortex.o
 .debug_abbrev  0x0000000000001111      0x21b ./Drivers/STM32F4xx_HAL_Driver/Src/stm32f4xx_hal_dma.o
 .debug_abbrev  0x000000000000132c      0x1c4 ./Drivers/STM32F4xx_HAL_Driver/Src/stm32f4xx_hal_gpio.o
 .debug_abbrev  0x00000000000014f0      0x2aa ./Drivers/STM32F4xx_HAL_Driver/Src/stm32f4xx_hal_rcc.o

.debug_aranges  0x0000000000000000      0x7d0
 .debug_aranges
                0x0000000000000000      0x268 ./Core/Src/main.o
 .debug_aranges
                0x0000000000000268       0x30 ./Core/Src/stm32f4xx_hal_msp.o
 .debug_aranges
                0x0000000000000298       0x68 ./Core/Src/stm32f4xx_it.o
 .debug_aranges
                0x0000000000000300       0x20 ./Core/Src/sysmem.o
 .debug_aranges
                0x0000000000000320       0x28 ./Core/Src/system_stm32f4xx.o
 .debug_aranges
                0x0000000000000348       0x28 ./Core/Startup/startup_stm32f401ccux.o
 .debug_aranges
                0x0000000000000370       0xf0 ./Drivers/STM32F4xx_HAL_Driver/Src/stm32f4xx_hal.o
 .debug_aranges
                0x0000000000000460       0xe8 ./Drivers/STM32F4xx_HAL_Driver/Src/stm32f4xx_hal_adc.o
 .debug_aranges
                0x0000000000000548      0x118 ./Drivers/STM32F4xx_HAL_Driver/Src/stm32f4xx_hal_cortex.o
 .debug_aranges
                0x0000000000000660       0x90 ./Drivers/STM32F4xx_HAL_Driver/Src/stm32f4xx_hal_dma.o
 .debug_aranges
                0x00000000000006f0       0x58 ./Drivers/STM32F4xx_HAL_Driver/Src/stm32f4xx_hal_gpio.o
 .debug_aranges
                0x0000000000000748       0x88 ./Drivers/STM32F4xx_HAL_Driver/Src/stm32f4xx_hal_rcc.o

.debug_ranges   0x0000000000000000      0x718
 .debug_ranges  0x0000000000000000      0x258 ./Core/Src/main.o
 .debug_ranges  0x0000000000000258       0x20 ./Core/Src/stm32f4xx_hal_msp.o
 .debug_ranges  0x0000000000000278       0x58 ./Core/Src/stm32f4xx_it.o
 .debug_ranges  0x00000000000002d0       0x10 ./Core/Src/sysmem.o
 .debug_ranges  0x00000000000002e0       0x18 ./Core/Src/system_stm32f4xx.o
 .debug_ranges  0x00000000000002f8       0x20 ./Core/Startup/startup_stm32f401ccux.o
 .debug_ranges  0x0000000000000318       0xe0 ./Drivers/STM32F4xx_HAL_Driver/Src/stm32f4xx_hal.o
 .debug_ranges  0x00000000000003f8       0xd8 ./Drivers/STM32F4xx_HAL_Driver/Src/stm32f4xx_hal_adc.o
 .debug_ranges  0x00000000000004d0      0x108 ./Drivers/STM32F4xx_HAL_Driver/Src/stm32f4xx_hal_cortex.o
 .debug_ranges  0x00000000000005d8       0x80 ./Drivers/STM32F4xx_HAL_Driver/Src/stm32f4xx_hal_dma.o
 .debug_ranges  0x0000000000000658       0x48 ./Drivers/STM32F4xx_HAL_Driver/Src/stm32f4xx_hal_gpio.o
 .debug_ranges  0x00000000000006a0       0x78 ./Drivers/STM32F4xx_HAL_Driver/Src/stm32f4xx_hal_rcc.o

.debug_macro    0x0000000000000000    0x16af3
 .debug_macro   0x0000000000000000      0x3db ./Core/Src/main.o
 .debug_macro   0x00000000000003db      0xa78 ./Core/Src/main.o
 .debug_macro   0x0000000000000e53      0x295 ./Core/Src/main.o
 .debug_macro   0x00000000000010e8       0x2e ./Core/Src/main.o
 .debug_macro   0x0000000000001116       0x28 ./Core/Src/main.o
 .debug_macro   0x000000000000113e       0x22 ./Core/Src/main.o
 .debug_macro   0x0000000000001160       0x8e ./Core/Src/main.o
 .debug_macro   0x00000000000011ee       0x51 ./Core/Src/main.o
 .debug_macro   0x000000000000123f      0x103 ./Core/Src/main.o
 .debug_macro   0x0000000000001342       0x6a ./Core/Src/main.o
 .debug_macro   0x00000000000013ac      0x1df ./Core/Src/main.o
 .debug_macro   0x000000000000158b       0x1c ./Core/Src/main.o
 .debug_macro   0x00000000000015a7       0x22 ./Core/Src/main.o
 .debug_macro   0x00000000000015c9       0xd9 ./Core/Src/main.o
 .debug_macro   0x00000000000016a2     0x102d ./Core/Src/main.o
 .debug_macro   0x00000000000026cf      0x11f ./Core/Src/main.o
 .debug_macro   0x00000000000027ee     0xb86c ./Core/Src/main.o
 .debug_macro   0x000000000000e05a       0x6d ./Core/Src/main.o
 .debug_macro   0x000000000000e0c7     0x367e ./Core/Src/main.o
 .debug_macro   0x0000000000011745      0x174 ./Core/Src/main.o
 .debug_macro   0x00000000000118b9       0x5c ./Core/Src/main.o
 .debug_macro   0x0000000000011915      0x416 ./Core/Src/main.o
 .debug_macro   0x0000000000011d2b      0x9fe ./Core/Src/main.o
 .debug_macro   0x0000000000012729      0x115 ./Core/Src/main.o
 .debug_macro   0x000000000001283e       0xf8 ./Core/Src/main.o
 .debug_macro   0x0000000000012936       0xa5 ./Core/Src/main.o
 .debug_macro   0x00000000000129db      0x15f ./Core/Src/main.o
 .debug_macro   0x0000000000012b3a      0x287 ./Core/Src/main.o
 .debug_macro   0x0000000000012dc1       0x5f ./Core/Src/main.o
 .debug_macro   0x0000000000012e20      0x236 ./Core/Src/main.o
 .debug_macro   0x0000000000013056      0x9e1 ./Core/Src/main.o
 .debug_macro   0x0000000000013a37      0x38b ./Core/Src/main.o
 .debug_macro   0x0000000000013dc2      0x176 ./Core/Src/main.o
 .debug_macro   0x0000000000013f38       0xf9 ./Core/Src/main.o
 .debug_macro   0x0000000000014031      0x132 ./Core/Src/main.o
 .debug_macro   0x0000000000014163      0x23a ./Core/Src/main.o
 .debug_macro   0x000000000001439d       0x2e ./Core/Src/main.o
 .debug_macro   0x00000000000143cb      0x11a ./Core/Src/main.o
 .debug_macro   0x00000000000144e5       0x85 ./Core/Src/main.o
 .debug_macro   0x000000000001456a       0x89 ./Core/Src/main.o
 .debug_macro   0x00000000000145f3      0x126 ./Core/Src/main.o
 .debug_macro   0x0000000000014719       0x28 ./Core/Src/main.o
 .debug_macro   0x0000000000014741       0x52 ./Core/Src/main.o
 .debug_macro   0x0000000000014793       0x1e ./Core/Src/main.o
 .debug_macro   0x00000000000147b1       0x3c ./Core/Src/main.o
 .debug_macro   0x00000000000147ed       0x34 ./Core/Src/main.o
 .debug_macro   0x0000000000014821       0x16 ./Core/Src/main.o
 .debug_macro   0x0000000000014837       0x35 ./Core/Src/main.o
 .debug_macro   0x000000000001486c      0x341 ./Core/Src/main.o
 .debug_macro   0x0000000000014bad       0x10 ./Core/Src/main.o
 .debug_macro   0x0000000000014bbd       0x16 ./Core/Src/main.o
 .debug_macro   0x0000000000014bd3       0x43 ./Core/Src/main.o
 .debug_macro   0x0000000000014c16       0x34 ./Core/Src/main.o
 .debug_macro   0x0000000000014c4a       0x10 ./Core/Src/main.o
 .debug_macro   0x0000000000014c5a       0x58 ./Core/Src/main.o
 .debug_macro   0x0000000000014cb2       0x71 ./Core/Src/main.o
 .debug_macro   0x0000000000014d23       0x1c ./Core/Src/main.o
 .debug_macro   0x0000000000014d3f      0x12a ./Core/Src/main.o
 .debug_macro   0x0000000000014e69       0x10 ./Core/Src/main.o
 .debug_macro   0x0000000000014e79       0x1c ./Core/Src/main.o
 .debug_macro   0x0000000000014e95       0x52 ./Core/Src/main.o
 .debug_macro   0x0000000000014ee7       0x22 ./Core/Src/main.o
 .debug_macro   0x0000000000014f09       0x10 ./Core/Src/main.o
 .debug_macro   0x0000000000014f19       0x52 ./Core/Src/main.o
 .debug_macro   0x0000000000014f6b       0xd5 ./Core/Src/main.o
 .debug_macro   0x0000000000015040       0x1c ./Core/Src/main.o
 .debug_macro   0x000000000001505c       0x3d ./Core/Src/main.o
 .debug_macro   0x0000000000015099       0x16 ./Core/Src/main.o
 .debug_macro   0x00000000000150af      0x145 ./Core/Src/main.o
 .debug_macro   0x00000000000151f4       0x22 ./Core/Src/main.o
 .debug_macro   0x0000000000015216       0x16 ./Core/Src/main.o
 .debug_macro   0x000000000001522c       0x20 ./Core/Src/main.o
 .debug_macro   0x000000000001524c      0x19b ./Core/Src/main.o
 .debug_macro   0x00000000000153e7       0x5e ./Core/Src/main.o
 .debug_macro   0x0000000000015445      0x149 ./Core/Src/main.o
 .debug_macro   0x000000000001558e       0x10 ./Core/Src/main.o
 .debug_macro   0x000000000001559e       0xca ./Core/Src/main.o
 .debug_macro   0x0000000000015668      0x1e7 ./Core/Src/stm32f4xx_hal_msp.o
 .debug_macro   0x000000000001584f      0x1f1 ./Core/Src/stm32f4xx_it.o
 .debug_macro   0x0000000000015a40       0xff ./Core/Src/sysmem.o
 .debug_macro   0x0000000000015b3f      0x23b ./Core/Src/sysmem.o
 .debug_macro   0x0000000000015d7a      0x1d8 ./Core/Src/system_stm32f4xx.o
 .debug_macro   0x0000000000015f52      0x238 ./Drivers/STM32F4xx_HAL_Driver/Src/stm32f4xx_hal.o
 .debug_macro   0x000000000001618a      0x1d9 ./Drivers/STM32F4xx_HAL_Driver/Src/stm32f4xx_hal_adc.o
 .debug_macro   0x0000000000016363      0x1d8 ./Drivers/STM32F4xx_HAL_Driver/Src/stm32f4xx_hal_cortex.o
 .debug_macro   0x000000000001653b      0x1de ./Drivers/STM32F4xx_HAL_Driver/Src/stm32f4xx_hal_dma.o
 .debug_macro   0x0000000000016719      0x1de ./Drivers/STM32F4xx_HAL_Driver/Src/stm32f4xx_hal_gpio.o
 .debug_macro   0x00000000000168f7      0x1fc ./Drivers/STM32F4xx_HAL_Driver/Src/stm32f4xx_hal_rcc.o

.debug_line     0x0000000000000000     0x9385
 .debug_line    0x0000000000000000     0x29e1 ./Core/Src/main.o
 .debug_line    0x00000000000029e1      0x72e ./Core/Src/stm32f4xx_hal_msp.o
 .debug_line    0x000000000000310f      0x794 ./Core/Src/stm32f4xx_it.o
 .debug_line    0x00000000000038a3      0x4ea ./Core/Src/sysmem.o
 .debug_line    0x0000000000003d8d      0x73b ./Core/Src/system_stm32f4xx.o
 .debug_line    0x00000000000044c8       0x88 ./Core/Startup/startup_stm32f401ccux.o
 .debug_line    0x0000000000004550      0x9a1 ./Drivers/STM32F4xx_HAL_Driver/Src/stm32f4xx_hal.o
 .debug_line    0x0000000000004ef1     0x114b ./Drivers/STM32F4xx_HAL_Driver/Src/stm32f4xx_hal_adc.o
 .debug_line    0x000000000000603c      0xc50 ./Drivers/STM32F4xx_HAL_Driver/Src/stm32f4xx_hal_cortex.o
 .debug_line    0x0000000000006c8c      0xf05 ./Drivers/STM32F4xx_HAL_Driver/Src/stm32f4xx_hal_dma.o
 .debug_line    0x0000000000007b91      0xad9 ./Drivers/STM32F4xx_HAL_Driver/Src/stm32f4xx_hal_gpio.o
 .debug_line    0x000000000000866a      0xd1b ./Drivers/STM32F4xx_HAL_Driver/Src/stm32f4xx_hal_rcc.o

.debug_str      0x0000000000000000    0x901d0
 .debug_str     0x0000000000000000    0x8e8b1 ./Core/Src/main.o
                                      0x8ec30 (size before relaxing)
 .debug_str     0x000000000008e8b1       0x7a ./Core/Src/stm32f4xx_hal_msp.o
                                      0x890a9 (size before relaxing)
 .debug_str     0x000000000008e92b       0xf4 ./Core/Src/stm32f4xx_it.o
                                      0x88a08 (size before relaxing)
 .debug_str     0x000000000008ea1f      0x4da ./Core/Src/sysmem.o
                                       0x5da8 (size before relaxing)
 .debug_str     0x000000000008eef9       0xdb ./Core/Src/system_stm32f4xx.o
                                      0x8882f (size before relaxing)
 .debug_str     0x000000000008efd4       0x36 ./Core/Startup/startup_stm32f401ccux.o
                                         0x6a (size before relaxing)
 .debug_str     0x000000000008f00a      0x601 ./Drivers/STM32F4xx_HAL_Driver/Src/stm32f4xx_hal.o
                                      0x89251 (size before relaxing)
 .debug_str     0x000000000008f60b      0x290 ./Drivers/STM32F4xx_HAL_Driver/Src/stm32f4xx_hal_adc.o
                                      0x88e0a (size before relaxing)
 .debug_str     0x000000000008f89b      0x330 ./Drivers/STM32F4xx_HAL_Driver/Src/stm32f4xx_hal_cortex.o
                                      0x88f72 (size before relaxing)
 .debug_str     0x000000000008fbcb      0x2d5 ./Drivers/STM32F4xx_HAL_Driver/Src/stm32f4xx_hal_dma.o
                                      0x88c37 (size before relaxing)
 .debug_str     0x000000000008fea0       0xfd ./Drivers/STM32F4xx_HAL_Driver/Src/stm32f4xx_hal_gpio.o
                                      0x889aa (size before relaxing)
 .debug_str     0x000000000008ff9d      0x233 ./Drivers/STM32F4xx_HAL_Driver/Src/stm32f4xx_hal_rcc.o
                                      0x88c63 (size before relaxing)

.comment        0x0000000000000000       0x50
 .comment       0x0000000000000000       0x50 ./Core/Src/main.o
                                         0x51 (size before relaxing)
 .comment       0x0000000000000050       0x51 ./Core/Src/stm32f4xx_hal_msp.o
 .comment       0x0000000000000050       0x51 ./Core/Src/stm32f4xx_it.o
 .comment       0x0000000000000050       0x51 ./Core/Src/sysmem.o
 .comment       0x0000000000000050       0x51 ./Core/Src/system_stm32f4xx.o
 .comment       0x0000000000000050       0x51 ./Drivers/STM32F4xx_HAL_Driver/Src/stm32f4xx_hal.o
 .comment       0x0000000000000050       0x51 ./Drivers/STM32F4xx_HAL_Driver/Src/stm32f4xx_hal_adc.o
 .comment       0x0000000000000050       0x51 ./Drivers/STM32F4xx_HAL_Driver/Src/stm32f4xx_hal_cortex.o
 .comment       0x0000000000000050       0x51 ./Drivers/STM32F4xx_HAL_Driver/Src/stm32f4xx_hal_dma.o
 .comment       0x0000000000000050       0x51 ./Drivers/STM32F4xx_HAL_Driver/Src/stm32f4xx_hal_gpio.o
 .comment       0x0000000000000050       0x51 ./Drivers/STM32F4xx_HAL_Driver/Src/stm32f4xx_hal_rcc.o

.debug_frame    0x0000000000000000     0x24e8
 .debug_frame   0x0000000000000000      0xb44 ./Core/Src/main.o
 .debug_frame   0x0000000000000b44       0x7c ./Core/Src/stm32f4xx_hal_msp.o
 .debug_frame   0x0000000000000bc0      0x120 ./Core/Src/stm32f4xx_it.o
 .debug_frame   0x0000000000000ce0       0x34 ./Core/Src/sysmem.o
 .debug_frame   0x0000000000000d14       0x58 ./Core/Src/system_stm32f4xx.o
 .debug_frame   0x0000000000000d6c      0x374 ./Drivers/STM32F4xx_HAL_Driver/Src/stm32f4xx_hal.o
 .debug_frame   0x00000000000010e0      0x3fc ./Drivers/STM32F4xx_HAL_Driver/Src/stm32f4xx_hal_adc.o
 .debug_frame   0x00000000000014dc      0x498 ./Drivers/STM32F4xx_HAL_Driver/Src/stm32f4xx_hal_cortex.o
 .debug_frame   0x0000000000001974      0x250 ./Drivers/STM32F4xx_HAL_Driver/Src/stm32f4xx_hal_dma.o
 .debug_frame   0x0000000000001bc4      0x14c ./Drivers/STM32F4xx_HAL_Driver/Src/stm32f4xx_hal_gpio.o
 .debug_frame   0x0000000000001d10      0x1f4 ./Drivers/STM32F4xx_HAL_Driver/Src/stm32f4xx_hal_rcc.o
 .debug_frame   0x0000000000001f04       0x20 c:/st/stm32cubeide_1.10.1/stm32cubeide/plugins/com.st.stm32cube.ide.mcu.externaltools.gnu-tools-for-stm32.10.3-2021.10.win32_1.0.0.202111181127/tools/bin/../lib/gcc/arm-none-eabi/10.3.1/../../../../arm-none-eabi/lib/thumb/v7e-m+fp/hard\libc_nano.a(lib_a-errno.o)
 .debug_frame   0x0000000000001f24       0x2c c:/st/stm32cubeide_1.10.1/stm32cubeide/plugins/com.st.stm32cube.ide.mcu.externaltools.gnu-tools-for-stm32.10.3-2021.10.win32_1.0.0.202111181127/tools/bin/../lib/gcc/arm-none-eabi/10.3.1/../../../../arm-none-eabi/lib/thumb/v7e-m+fp/hard\libc_nano.a(lib_a-init.o)
 .debug_frame   0x0000000000001f50       0x20 c:/st/stm32cubeide_1.10.1/stm32cubeide/plugins/com.st.stm32cube.ide.mcu.externaltools.gnu-tools-for-stm32.10.3-2021.10.win32_1.0.0.202111181127/tools/bin/../lib/gcc/arm-none-eabi/10.3.1/../../../../arm-none-eabi/lib/thumb/v7e-m+fp/hard\libc_nano.a(lib_a-memset.o)
 .debug_frame   0x0000000000001f70       0x6c c:/st/stm32cubeide_1.10.1/stm32cubeide/plugins/com.st.stm32cube.ide.mcu.externaltools.gnu-tools-for-stm32.10.3-2021.10.win32_1.0.0.202111181127/tools/bin/../lib/gcc/arm-none-eabi/10.3.1/../../../../arm-none-eabi/lib/thumb/v7e-m+fp/hard\libc_nano.a(lib_a-sprintf.o)
 .debug_frame   0x0000000000001fdc       0x90 c:/st/stm32cubeide_1.10.1/stm32cubeide/plugins/com.st.stm32cube.ide.mcu.externaltools.gnu-tools-for-stm32.10.3-2021.10.win32_1.0.0.202111181127/tools/bin/../lib/gcc/arm-none-eabi/10.3.1/../../../../arm-none-eabi/lib/thumb/v7e-m+fp/hard\libc_nano.a(lib_a-nano-svfprintf.o)
 .debug_frame   0x000000000000206c       0x60 c:/st/stm32cubeide_1.10.1/stm32cubeide/plugins/com.st.stm32cube.ide.mcu.externaltools.gnu-tools-for-stm32.10.3-2021.10.win32_1.0.0.202111181127/tools/bin/../lib/gcc/arm-none-eabi/10.3.1/../../../../arm-none-eabi/lib/thumb/v7e-m+fp/hard\libc_nano.a(lib_a-nano-vfprintf_i.o)
 .debug_frame   0x00000000000020cc       0x28 c:/st/stm32cubeide_1.10.1/stm32cubeide/plugins/com.st.stm32cube.ide.mcu.externaltools.gnu-tools-for-stm32.10.3-2021.10.win32_1.0.0.202111181127/tools/bin/../lib/gcc/arm-none-eabi/10.3.1/../../../../arm-none-eabi/lib/thumb/v7e-m+fp/hard\libc_nano.a(lib_a-memcpy-stub.o)
 .debug_frame   0x00000000000020f4       0x28 c:/st/stm32cubeide_1.10.1/stm32cubeide/plugins/com.st.stm32cube.ide.mcu.externaltools.gnu-tools-for-stm32.10.3-2021.10.win32_1.0.0.202111181127/tools/bin/../lib/gcc/arm-none-eabi/10.3.1/../../../../arm-none-eabi/lib/thumb/v7e-m+fp/hard\libc_nano.a(lib_a-memmove.o)
 .debug_frame   0x000000000000211c       0x38 c:/st/stm32cubeide_1.10.1/stm32cubeide/plugins/com.st.stm32cube.ide.mcu.externaltools.gnu-tools-for-stm32.10.3-2021.10.win32_1.0.0.202111181127/tools/bin/../lib/gcc/arm-none-eabi/10.3.1/../../../../arm-none-eabi/lib/thumb/v7e-m+fp/hard\libc_nano.a(lib_a-nano-freer.o)
 .debug_frame   0x0000000000002154       0x4c c:/st/stm32cubeide_1.10.1/stm32cubeide/plugins/com.st.stm32cube.ide.mcu.externaltools.gnu-tools-for-stm32.10.3-2021.10.win32_1.0.0.202111181127/tools/bin/../lib/gcc/arm-none-eabi/10.3.1/../../../../arm-none-eabi/lib/thumb/v7e-m+fp/hard\libc_nano.a(lib_a-nano-mallocr.o)
 .debug_frame   0x00000000000021a0       0x3c c:/st/stm32cubeide_1.10.1/stm32cubeide/plugins/com.st.stm32cube.ide.mcu.externaltools.gnu-tools-for-stm32.10.3-2021.10.win32_1.0.0.202111181127/tools/bin/../lib/gcc/arm-none-eabi/10.3.1/../../../../arm-none-eabi/lib/thumb/v7e-m+fp/hard\libc_nano.a(lib_a-nano-reallocr.o)
 .debug_frame   0x00000000000021dc       0x2c c:/st/stm32cubeide_1.10.1/stm32cubeide/plugins/com.st.stm32cube.ide.mcu.externaltools.gnu-tools-for-stm32.10.3-2021.10.win32_1.0.0.202111181127/tools/bin/../lib/gcc/arm-none-eabi/10.3.1/../../../../arm-none-eabi/lib/thumb/v7e-m+fp/hard\libc_nano.a(lib_a-sbrkr.o)
 .debug_frame   0x0000000000002208       0x30 c:/st/stm32cubeide_1.10.1/stm32cubeide/plugins/com.st.stm32cube.ide.mcu.externaltools.gnu-tools-for-stm32.10.3-2021.10.win32_1.0.0.202111181127/tools/bin/../lib/gcc/arm-none-eabi/10.3.1/../../../../arm-none-eabi/lib/thumb/v7e-m+fp/hard\libc_nano.a(lib_a-mlock.o)
 .debug_frame   0x0000000000002238       0x20 c:/st/stm32cubeide_1.10.1/stm32cubeide/plugins/com.st.stm32cube.ide.mcu.externaltools.gnu-tools-for-stm32.10.3-2021.10.win32_1.0.0.202111181127/tools/bin/../lib/gcc/arm-none-eabi/10.3.1/../../../../arm-none-eabi/lib/thumb/v7e-m+fp/hard\libc_nano.a(lib_a-nano-msizer.o)
 .debug_frame   0x0000000000002258       0x5c c:/st/stm32cubeide_1.10.1/stm32cubeide/plugins/com.st.stm32cube.ide.mcu.externaltools.gnu-tools-for-stm32.10.3-2021.10.win32_1.0.0.202111181127/tools/bin/../lib/gcc/arm-none-eabi/10.3.1/../../../../arm-none-eabi/lib/thumb/v7e-m+fp/hard\libc_nano.a(lib_a-reent.o)
 .debug_frame   0x00000000000022b4       0xb0 c:/st/stm32cubeide_1.10.1/stm32cubeide/plugins/com.st.stm32cube.ide.mcu.externaltools.gnu-tools-for-stm32.10.3-2021.10.win32_1.0.0.202111181127/tools/bin/../lib/gcc/arm-none-eabi/10.3.1/../../../../arm-none-eabi/lib/thumb/v7e-m+fp/hard\libc_nano.a(lib_a-lock.o)
 .debug_frame   0x0000000000002364       0x30 c:/st/stm32cubeide_1.10.1/stm32cubeide/plugins/com.st.stm32cube.ide.mcu.externaltools.gnu-tools-for-stm32.10.3-2021.10.win32_1.0.0.202111181127/tools/bin/../lib/gcc/arm-none-eabi/10.3.1/thumb/v7e-m+fp/hard\libgcc.a(_arm_muldf3.o)
 .debug_frame   0x0000000000002394       0xac c:/st/stm32cubeide_1.10.1/stm32cubeide/plugins/com.st.stm32cube.ide.mcu.externaltools.gnu-tools-for-stm32.10.3-2021.10.win32_1.0.0.202111181127/tools/bin/../lib/gcc/arm-none-eabi/10.3.1/thumb/v7e-m+fp/hard\libgcc.a(_arm_addsubdf3.o)
 .debug_frame   0x0000000000002440       0x24 c:/st/stm32cubeide_1.10.1/stm32cubeide/plugins/com.st.stm32cube.ide.mcu.externaltools.gnu-tools-for-stm32.10.3-2021.10.win32_1.0.0.202111181127/tools/bin/../lib/gcc/arm-none-eabi/10.3.1/thumb/v7e-m+fp/hard\libgcc.a(_arm_fixdfsi.o)
 .debug_frame   0x0000000000002464       0x24 c:/st/stm32cubeide_1.10.1/stm32cubeide/plugins/com.st.stm32cube.ide.mcu.externaltools.gnu-tools-for-stm32.10.3-2021.10.win32_1.0.0.202111181127/tools/bin/../lib/gcc/arm-none-eabi/10.3.1/thumb/v7e-m+fp/hard\libgcc.a(_arm_fixunsdfsi.o)
 .debug_frame   0x0000000000002488       0x2c c:/st/stm32cubeide_1.10.1/stm32cubeide/plugins/com.st.stm32cube.ide.mcu.externaltools.gnu-tools-for-stm32.10.3-2021.10.win32_1.0.0.202111181127/tools/bin/../lib/gcc/arm-none-eabi/10.3.1/thumb/v7e-m+fp/hard\libgcc.a(_aeabi_uldivmod.o)
 .debug_frame   0x00000000000024b4       0x34 c:/st/stm32cubeide_1.10.1/stm32cubeide/plugins/com.st.stm32cube.ide.mcu.externaltools.gnu-tools-for-stm32.10.3-2021.10.win32_1.0.0.202111181127/tools/bin/../lib/gcc/arm-none-eabi/10.3.1/thumb/v7e-m+fp/hard\libgcc.a(_udivmoddi4.o)
