../Core/Inc/peryferia.h:2:9:butUnbl	24	static
../Core/Inc/peryferia.h:18:9:but	16	static
../Core/Inc/peryferia.h:23:6:butLock	16	static
../Core/Inc/peryferia.h:27:6:releaseButLock	16	static
../Core/Inc/peryferia.h:33:6:led	16	static
../Core/Inc/LCD/LCDheader.h:55:6:WriteCmdParamN	24	static
../Core/Inc/LCD/LCDheader.h:70:6:WriteCmdData	16	static
../Core/Inc/LCD/LCDheader.h:79:6:drawPixel	16	static
../Core/Inc/LCD/LCDheader.h:87:6:setAddrWindow	16	static
../Core/Inc/LCD/LCDheader.h:146:6:fillRect	32	static
../Core/Inc/LCD/LCDheader.h:189:6:drawHLine	32	static
../Core/Inc/LCD/LCDheader.h:203:6:drawVLine	32	static
../Core/Inc/LCD/LCDheader.h:217:10:col8to16	16	static
../Core/Inc/LCD/LCDheader.h:222:6:drawBitmapSlowLo	40	static
../Core/Inc/LCD/LCDheader.h:234:6:drawBitmapLo	48	static
../Core/Inc/LCD/LCDheader.h:251:6:drawBitmapSlowHi	40	static
../Core/Inc/LCD/LCDheader.h:263:6:drawBitmapHi	48	static
../Core/Inc/LCD/LCDheader.h:280:6:drawMonoBitmap	48	static
../Core/Inc/LCD/LCDheader.h:350:10:RGB2col	16	static
../Core/Inc/LCD/LCDheader.h:354:6:reset	8	static
../Core/Inc/LCD/LCDheader.h:398:13:init_table	24	static
../Core/Inc/LCD/LCDheader.h:500:6:initDisplay	24	static
../Core/Inc/LCD/LCDheader.h:548:6:setRotation	32	static
../Core/Inc/LCD/LCDheader.h:645:6:drawDefChar	32	static
../Core/Inc/LCD/LCDheader.h:660:6:writeChar	32	static
../Core/Inc/LCD/LCDheader.h:670:6:naivePrint	24	static
../Core/Inc/LCD/LCDheader.h:682:6:gradientVRectangle	32	static
../Core/Inc/LCD/LCDheader.h:703:6:gradientHRectangle	32	static
../Core/Inc/LCD/LCDfonts.h:21:6:setFont	16	static
../Core/Inc/LCD/LCDfonts.h:25:6:drawCusChar	48	static
../Core/Inc/LCD/LCDfonts.h:53:6:writeCusChar	48	static
../Core/Inc/LCD/LCDfonts.h:106:6:naiveCusPrint	24	static
../Core/Inc/LCD/LCDfonts.h:113:6:drawPropCusChar	48	static
../Core/Inc/LCD/LCDfonts.h:147:6:naivePrintFloat	112	dynamic
../Core/Inc/LCD/LCDfonts.h:186:6:getGlyphSize	32	static
../Core/Inc/LCD/LCDfonts.h:195:6:getTextSize	48	static
../Core/Inc/LCD/LCDfonts.h:224:6:naiveFloat	48	dynamic
../Core/Inc/LCD/LCDfonts.h:230:6:constWfloat	80	dynamic
../Core/Inc/LCD/LCDfonts.h:271:6:nowyGetTextSize	48	static
../Core/Inc/LCD/LCDfonts.h:310:6:zamazText	40	static
../Core/Inc/LCD/Graphics.h:1:6:drawRect	24	static
../Core/Inc/LCD/Graphics.h:8:6:drawCircle	56	dynamic
../Core/Inc/LCD/Graphics.h:29:6:fillCircle	32	static
../Core/Inc/LCD/Graphics.h:41:6:drawRoundRect	64	dynamic
../Core/Inc/LCD/Graphics.h:71:6:fillRoundRect	48	static
../Core/Inc/LCD/Graphics.h:88:6:drawLine	32	static
../Core/Inc/LCD/Graphics.h:118:6:fillTriangle	72	static
../Core/Inc/random.h:1:6:HAL_ADC_ConvCpltCallback	16	static
../Core/Inc/random.h:4:6:HAL_ADC_ConvHalfCpltCallback	16	static
../Core/Inc/random.h:7:10:odTyU	24	static
../Core/Inc/random.h:16:7:getRandomNumber	16	static
../Core/Inc/LCD/pianyizydor.h:197:6:generateRura	48	static
../Core/Inc/LCD/pianyizydor.h:224:6:startoweRury	16	static
../Core/Inc/LCD/pianyizydor.h:235:6:safeFillRect	32	static
../Core/Inc/LCD/pianyizydor.h:269:6:drawFace	40	static
../Core/Inc/LCD/pianyizydor.h:368:6:updateRura	40	static
../Core/Inc/LCD/pianyizydor.h:422:10:updatePos	24	static
../Core/Inc/LCD/pianyizydor.h:469:10:odl	32	static
../Core/Inc/LCD/pianyizydor.h:475:9:checkColision	32	static
../Core/Inc/LCD/pianyizydor.h:489:9:nearby	24	static
../Core/Inc/LCD/pianyizydor.h:502:6:crossed	16	static
../Core/Inc/LCD/pianyizydor.h:571:6:minigraDrawScore	64	static
../Core/Inc/LCD/pianyizydor.h:584:6:minigraGenerateScreen	24	static
../Core/Inc/LCD/pianyizydor.h:618:6:minigraExit	4	static,ignoring_inline_asm
../Core/Inc/LCD/pianyizydor.h:623:6:minigraLost	8	static,ignoring_inline_asm
../Core/Inc/LCD/pianyizydor.h:642:6:minigraRefreshScreen	24	static
../Core/Inc/LCD/pianyizydor.h:674:6:minigraEkranStartowy	40	static,ignoring_inline_asm
../Core/Src/main.c:74:6:testLCD	24	static
../Core/Src/main.c:113:5:main	8	static
../Core/Src/main.c:204:6:SystemClock_Config	88	static
../Core/Src/main.c:251:13:MX_ADC1_Init	24	static
../Core/Src/main.c:328:13:MX_DMA_Init	16	static
../Core/Src/main.c:346:13:MX_GPIO_Init	48	static
../Core/Src/main.c:405:6:Error_Handler	4	static,ignoring_inline_asm
